Archive member included because of file (symbol)

c:/program files (x86)/microchip/compilers/xc32/v1.22/bin/../lib/gcc/pic32mx/4.5.2/../../../../pic32mx/lib\libmchp_peripheral_32MX250F128B.a(int_disable_interrupts_lib.o)
                              build/USB_Standalone/production/main.o (INTDisableInterrupts)
c:/program files (x86)/microchip/compilers/xc32/v1.22/bin/../lib/gcc/pic32mx/4.5.2/../../../../pic32mx/lib\libmchp_peripheral_32MX250F128B.a(int_restore_interrupts_lib.o)
                              build/USB_Standalone/production/main.o (INTRestoreInterrupts)
c:/program files (x86)/microchip/compilers/xc32/v1.22/bin/../lib/gcc/pic32mx/4.5.2/../../../../pic32mx/lib\libmchp_peripheral_32MX250F128B.a(int_enable_mv_int_lib.o)
                              build/USB_Standalone/production/main.o (INTEnableSystemMultiVectoredInt)
c:/program files (x86)/microchip/compilers/xc32/v1.22/bin/../lib/gcc/pic32mx/4.5.2/../../../../pic32mx/lib\libmchp_peripheral_32MX250F128B.a(int_tbl_lib.o)
                              build/USB_Standalone/production/usb/usb_device.o (INTClearFlag)
c:/program files (x86)/microchip/compilers/xc32/v1.22/bin/../lib/gcc/pic32mx/4.5.2/../../../../pic32mx/lib\libmchp_peripheral_32MX250F128B.a(port_set_pins_digital_in_lib.o)
                              build/USB_Standalone/production/main.o (PORTSetPinsDigitalIn)
c:/program files (x86)/microchip/compilers/xc32/v1.22/bin/../lib/gcc/pic32mx/4.5.2/../../../../pic32mx/lib\libmchp_peripheral_32MX250F128B.a(port_set_pins_digital_out_lib.o)
                              build/USB_Standalone/production/main.o (PORTSetPinsDigitalOut)
c:/program files (x86)/microchip/compilers/xc32/v1.22/bin/../lib/gcc/pic32mx/4.5.2/../../../../pic32mx/lib\libmchp_peripheral_32MX250F128B.a(port_read_bits_lib.o)
                              build/USB_Standalone/production/main.o (PORTReadBits)
c:/program files (x86)/microchip/compilers/xc32/v1.22/bin/../lib/gcc/pic32mx/4.5.2/../../../../pic32mx/lib\libmchp_peripheral_32MX250F128B.a(port_clear_bits_lib.o)
                              build/USB_Standalone/production/main.o (PORTClearBits)
c:/program files (x86)/microchip/compilers/xc32/v1.22/bin/../lib/gcc/pic32mx/4.5.2/../../../../pic32mx/lib\libmchp_peripheral_32MX250F128B.a(port_set_bits_lib.o)
                              build/USB_Standalone/production/main.o (PORTSetBits)
c:/program files (x86)/microchip/compilers/xc32/v1.22/bin/../lib/gcc/pic32mx/4.5.2/../../../../pic32mx/lib\libmchp_peripheral_32MX250F128B.a(port_toggle_bits_lib.o)
                              build/USB_Standalone/production/main.o (PORTToggleBits)
c:/program files (x86)/microchip/compilers/xc32/v1.22/bin/../lib/gcc/pic32mx/4.5.2/../../../../pic32mx/lib\libmchp_peripheral_32MX250F128B.a(_ports_tbl_libp.o)
                              c:/program files (x86)/microchip/compilers/xc32/v1.22/bin/../lib/gcc/pic32mx/4.5.2/../../../../pic32mx/lib\libmchp_peripheral_32MX250F128B.a(port_set_pins_digital_in_lib.o) (PortRegTbl)
c:/program files (x86)/microchip/compilers/xc32/v1.22/bin/../lib/gcc/pic32mx/4.5.2/../../../../pic32mx/lib\libmchp_peripheral_32MX250F128B.a(uart_lib.o)
                              build/USB_Standalone/production/main.o (UARTEnable)
c:/program files (x86)/microchip/compilers/xc32/v1.22/bin/../lib/gcc/pic32mx/4.5.2/../../../../pic32mx/lib\libmchp_peripheral_32MX250F128B.a(int_enable_interrupts_lib.o)
                              c:/program files (x86)/microchip/compilers/xc32/v1.22/bin/../lib/gcc/pic32mx/4.5.2/../../../../pic32mx/lib\libmchp_peripheral_32MX250F128B.a(int_enable_mv_int_lib.o) (INTEnableInterrupts)
c:/program files (x86)/microchip/compilers/xc32/v1.22/bin/../lib/gcc/pic32mx/4.5.2/../../../../pic32mx/lib\libpic32.a(memset.o)
                              build/USB_Standalone/production/usb/usb_device.o (memset)
c:/program files (x86)/microchip/compilers/xc32/v1.22/bin/../lib/gcc/pic32mx/4.5.2/../../../../pic32mx/lib\libpic32.a(default-bootstrap-exception-handler.o)
                              c:/program files (x86)/microchip/compilers/xc32/v1.22/bin/../lib/gcc/pic32mx/4.5.2/../../../../pic32mx/lib/crt0.o (_bootstrap_exception_handler)
c:/program files (x86)/microchip/compilers/xc32/v1.22/bin/../lib/gcc/pic32mx/4.5.2/../../../../pic32mx/lib\libpic32.a(default-on-reset.o)
                              c:/program files (x86)/microchip/compilers/xc32/v1.22/bin/../lib/gcc/pic32mx/4.5.2/../../../../pic32mx/lib/crt0.o (_on_reset)
c:/program files (x86)/microchip/compilers/xc32/v1.22/bin/../lib/gcc/pic32mx/4.5.2/../../../../pic32mx/lib\libpic32.a(default-on-bootstrap.o)
                              c:/program files (x86)/microchip/compilers/xc32/v1.22/bin/../lib/gcc/pic32mx/4.5.2/../../../../pic32mx/lib/crt0.o (_on_bootstrap)
c:/program files (x86)/microchip/compilers/xc32/v1.22/bin/../lib/gcc/pic32mx/4.5.2/../../../../pic32mx/lib\libpic32.a(default-nmi-handler.o)
[...]
Memory Configuration

Name             Origin             Length             Attributes
kseg0_program_mem 0x9d000000         0x0001f000         xr
exception_mem    0x9d01f000         0x00001000
debug_exec_mem   0x9fc00490         0x00000760
kseg0_boot_mem   0x9fc00490         0x00000000
kseg1_boot_mem   0xbfc00000         0x00000490
config3          0xbfc00bf0         0x00000004
config2          0xbfc00bf4         0x00000004
config1          0xbfc00bf8         0x00000004
config0          0xbfc00bfc         0x00000004
kseg1_data_mem   0xa0000000         0x00008000         w !x
sfrs             0xbf800000         0x00100000
configsfrs       0xbfc00bf0         0x00000010
*default*        0x00000000         0xffffffff

Linker script and memory map

LOAD c:/program files (x86)/microchip/compilers/xc32/v1.22/bin/../lib/gcc/pic32mx/4.5.2/../../../../pic32mx/lib/crt0.o
LOAD build/USB_Standalone/production/usb/usb.o
LOAD build/USB_Standalone/production/usb/usb_device.o
LOAD build/USB_Standalone/production/usb/usb_function_cdc.o
LOAD build/USB_Standalone/production/usb/usb_descriptors.o
LOAD build/USB_Standalone/production/main.o
                0x00000001                __MPLAB_BUILD = 0x1
LOAD c:/program files (x86)/microchip/compilers/xc32/v1.22/bin/../lib/gcc/pic32mx/4.5.2/../../../../pic32mx/lib/./proc/32MX250F128B\default_isr_vectors.o
                0x00000400                PROVIDE (_min_stack_size, 0x400)
LOAD c:/program files (x86)/microchip/compilers/xc32/v1.22/bin/../lib/gcc/pic32mx/4.5.2/../../../../pic32mx/lib/./proc/32MX250F128B\processor.o
START GROUP
LOAD c:/program files (x86)/microchip/compilers/xc32/v1.22/bin/../lib/gcc/pic32mx/4.5.2/../../../../pic32mx/lib\libmchp_peripheral.a
END GROUP
START GROUP
LOAD c:/program files (x86)/microchip/compilers/xc32/v1.22/bin/../lib/gcc/pic32mx/4.5.2/../../../../pic32mx/lib\libmchp_peripheral_32MX250F128B.a
END GROUP
                0x00000001                PROVIDE (_vector_spacing, 0x1)
                0x9d01f000                _ebase_address = 0x9d01f000
                0xbfc00000                _RESET_ADDR = 0xbfc00000
                0xbfc00380                _BEV_EXCPT_ADDR = 0xbfc00380
                0xbfc00480                _DBG_EXCPT_ADDR = 0xbfc00480
                0x9fc00490                _DBG_CODE_ADDR = 0x9fc00490
                0x00000760                _DBG_CODE_SIZE = 0x760
                0x9d01f180                _GEN_EXCPT_ADDR = (_ebase_address + 0x180)

.config_BFC00BF0
                0xbfc00bf0        0x4
 *(.config_BFC00BF0)
 .config_BFC00BF0
                0xbfc00bf0        0x4 build/USB_Standalone/production/main.o

.config_BFC00BF4
                0xbfc00bf4        0x4
 *(.config_BFC00BF4)
 .config_BFC00BF4
                0xbfc00bf4        0x4 build/USB_Standalone/production/main.o

.config_BFC00BF8
                0xbfc00bf8        0x4
 *(.config_BFC00BF8)
 .config_BFC00BF8
                0xbfc00bf8        0x4 build/USB_Standalone/production/main.o

.config_BFC00BFC
                0xbfc00bfc        0x4
 *(.config_BFC00BFC)
 .config_BFC00BFC
                0xbfc00bfc        0x4 build/USB_Standalone/production/main.o
                0xbfc02000                PROVIDE (_DBG_CODE_ADDR, 0xbfc02000)
                0x00000ff0                PROVIDE (_DBG_CODE_SIZE, 0xff0)

.reset          0xbfc00000      0x1f4
 *(.reset)
 .reset         0xbfc00000       0x10 c:/program files (x86)/microchip/compilers/xc32/v1.22/bin/../lib/gcc/pic32mx/4.5.2/../../../../pic32mx/lib/crt0.o
                0xbfc00000                _reset
 *(.reset.startup)
 .reset.startup
                0xbfc00010      0x1e4 c:/program files (x86)/microchip/compilers/xc32/v1.22/bin/../lib/gcc/pic32mx/4.5.2/../../../../pic32mx/lib/crt0.o

.bev_excpt      0xbfc00380       0x10
 *(.bev_handler)
 .bev_handler   0xbfc00380       0x10 c:/program files (x86)/microchip/compilers/xc32/v1.22/bin/../lib/gcc/pic32mx/4.5.2/../../../../pic32mx/lib/crt0.o

.dbg_excpt      0xbfc00480        0x0
                0xbfc00480                . = (. + DEFINED (_DEBUGGER)?0x8:0x0)

.dbg_code       0x9fc00490        0x0
                0x9fc00490                . = (. + DEFINED (_DEBUGGER)?_DBG_CODE_SIZE:0x0)

.app_excpt      0x9d01f180       0x10
 *(.gen_handler)
 .gen_handler   0x9d01f180       0x10 c:/program files (x86)/microchip/compilers/xc32/v1.22/bin/../lib/gcc/pic32mx/4.5.2/../../../../pic32mx/lib/crt0.o

.vector_0       0x9d01f200        0x8
 *(.vector_0)
 .vector_0      0x9d01f200        0x8 c:/program files (x86)/microchip/compilers/xc32/v1.22/bin/../lib/gcc/pic32mx/4.5.2/../../../../pic32mx/lib\libpic32.a(vector0.o)
                0x9d01f200                __vector_dispatch_0
                0x00000001                ASSERT (((_vector_spacing == 0x0) || (SIZEOF (.vector_0) <= (_vector_spacing << 0x5))), function at exception vector 0 too large)

.vector_1       0x9d01f220        0x8
 *(.vector_1)
 .vector_1      0x9d01f220        0x8 c:/program files (x86)/microchip/compilers/xc32/v1.22/bin/../lib/gcc/pic32mx/4.5.2/../../../../pic32mx/lib\libpic32.a(vector1.o)
                0x9d01f220                __vector_dispatch_1
                0x00000001                ASSERT (((_vector_spacing == 0x0) || (SIZEOF (.vector_1) <= (_vector_spacing << 0x5))), function at exception vector 1 too large)

.vector_2       0x9d01f240        0x8
 *(.vector_2)
 .vector_2      0x9d01f240        0x8 c:/program files (x86)/microchip/compilers/xc32/v1.22/bin/../lib/gcc/pic32mx/4.5.2/../../../../pic32mx/lib\libpic32.a(vector2.o)
                0x9d01f240                __vector_dispatch_2
                0x00000001                ASSERT (((_vector_spacing == 0x0) || (SIZEOF (.vector_2) <= (_vector_spacing << 0x5))), function at exception vector 2 too large)

.vector_3       0x9d01f260        0x8
 *(.vector_3)
 .vector_3      0x9d01f260        0x8 build/USB_Standalone/production/main.o
                0x9d01f260                __vector_dispatch_3
                0x00000001                ASSERT (((_vector_spacing == 0x0) || (SIZEOF (.vector_3) <= (_vector_spacing << 0x5))), function at exception vector 3 too large)

.vector_4       0x9d01f280        0x8
 *(.vector_4)
 .vector_4      0x9d01f280        0x8 build/USB_Standalone/production/main.o
                0x9d01f280                __vector_dispatch_4
                0x00000001                ASSERT (((_vector_spacing == 0x0) || (SIZEOF (.vector_4) <= (_vector_spacing << 0x5))), function at exception vector 4 too large)

.vector_5       0x9d01f2a0        0x8
 *(.vector_5)
 .vector_5      0x9d01f2a0        0x8 c:/program files (x86)/microchip/compilers/xc32/v1.22/bin/../lib/gcc/pic32mx/4.5.2/../../../../pic32mx/lib\libpic32.a(vector5.o)
                0x9d01f2a0                __vector_dispatch_5
                0x00000001                ASSERT (((_vector_spacing == 0x0) || (SIZEOF (.vector_5) <= (_vector_spacing << 0x5))), function at exception vector 5 too large)

.vector_6       0x9d01f2c0        0x8
 *(.vector_6)
 .vector_6      0x9d01f2c0        0x8 c:/program files (x86)/microchip/compilers/xc32/v1.22/bin/../lib/gcc/pic32mx/4.5.2/../../../../pic32mx/lib\libpic32.a(vector6.o)
                0x9d01f2c0                __vector_dispatch_6
                0x00000001                ASSERT (((_vector_spacing == 0x0) || (SIZEOF (.vector_6) <= (_vector_spacing << 0x5))), function at exception vector 6 too large)

.vector_7       0x9d01f2e0        0x8
 *(.vector_7)
 .vector_7      0x9d01f2e0        0x8 build/USB_Standalone/production/main.o
                0x9d01f2e0                __vector_dispatch_7
                0x00000001                ASSERT (((_vector_spacing == 0x0) || (SIZEOF (.vector_7) <= (_vector_spacing << 0x5))), function at exception vector 7 too large)

.vector_8       0x9d01f300        0x8
 *(.vector_8)
 .vector_8      0x9d01f300        0x8 build/USB_Standalone/production/main.o
                0x9d01f300                __vector_dispatch_8
                0x00000001                ASSERT (((_vector_spacing == 0x0) || (SIZEOF (.vector_8) <= (_vector_spacing << 0x5))), function at exception vector 8 too large)

.vector_9       0x9d01f320        0x8
 *(.vector_9)
 .vector_9      0x9d01f320        0x8 c:/program files (x86)/microchip/compilers/xc32/v1.22/bin/../lib/gcc/pic32mx/4.5.2/../../../../pic32mx/lib\libpic32.a(vector9.o)
                0x9d01f320                __vector_dispatch_9
                0x00000001                ASSERT (((_vector_spacing == 0x0) || (SIZEOF (.vector_9) <= (_vector_spacing << 0x5))), function at exception vector 9 too large)

.vector_10      0x9d01f340        0x8
 *(.vector_10)
 .vector_10     0x9d01f340        0x8 c:/program files (x86)/microchip/compilers/xc32/v1.22/bin/../lib/gcc/pic32mx/4.5.2/../../../../pic32mx/lib\libpic32.a(vector10.o)
                0x9d01f340                __vector_dispatch_10
                0x00000001                ASSERT (((_vector_spacing == 0x0) || (SIZEOF (.vector_10) <= (_vector_spacing << 0x5))), function at exception vector 10 too large)

.vector_11      0x9d01f360        0x8
 *(.vector_11)
 .vector_11     0x9d01f360        0x8 build/USB_Standalone/production/main.o
                0x9d01f360                __vector_dispatch_11
                0x00000001                ASSERT (((_vector_spacing == 0x0) || (SIZEOF (.vector_11) <= (_vector_spacing << 0x5))), function at exception vector 11 too large)

.vector_12      0x9d01f380        0x8
 *(.vector_12)
 .vector_12     0x9d01f380        0x8 c:/program files (x86)/microchip/compilers/xc32/v1.22/bin/../lib/gcc/pic32mx/4.5.2/../../../../pic32mx/lib\libpic32.a(vector12.o)
                0x9d01f380                __vector_dispatch_12
                0x00000001                ASSERT (((_vector_spacing == 0x0) || (SIZEOF (.vector_12) <= (_vector_spacing << 0x5))), function at exception vector 12 too large)

.vector_13      0x9d01f3a0        0x8
 *(.vector_13)
 .vector_13     0x9d01f3a0        0x8 c:/program files (x86)/microchip/compilers/xc32/v1.22/bin/../lib/gcc/pic32mx/4.5.2/../../../../pic32mx/lib\libpic32.a(vector13.o)
                0x9d01f3a0                __vector_dispatch_13
                0x00000001                ASSERT (((_vector_spacing == 0x0) || (SIZEOF (.vector_13) <= (_vector_spacing << 0x5))), function at exception vector 13 too large)

.vector_14      0x9d01f3c0        0x8
 *(.vector_14)
 .vector_14     0x9d01f3c0        0x8 c:/program files (x86)/microchip/compilers/xc32/v1.22/bin/../lib/gcc/pic32mx/4.5.2/../../../../pic32mx/lib\libpic32.a(vector14.o)
                0x9d01f3c0                __vector_dispatch_14
                0x00000001                ASSERT (((_vector_spacing == 0x0) || (SIZEOF (.vector_14) <= (_vector_spacing << 0x5))), function at exception vector 14 too large)

.vector_15      0x9d01f3e0        0x8
 *(.vector_15)
 .vector_15     0x9d01f3e0        0x8 c:/program files (x86)/microchip/compilers/xc32/v1.22/bin/../lib/gcc/pic32mx/4.5.2/../../../../pic32mx/lib\libpic32.a(vector15.o)
                0x9d01f3e0                __vector_dispatch_15
                0x00000001                ASSERT (((_vector_spacing == 0x0) || (SIZEOF (.vector_15) <= (_vector_spacing << 0x5))), function at exception vector 15 too large)

.vector_16      0x9d01f400        0x8
 *(.vector_16)
 .vector_16     0x9d01f400        0x8 build/USB_Standalone/production/main.o
                0x9d01f400                __vector_dispatch_16
                0x00000001                ASSERT (((_vector_spacing == 0x0) || (SIZEOF (.vector_16) <= (_vector_spacing << 0x5))), function at exception vector 16 too large)

.vector_17      0x9d01f420        0x8
 *(.vector_17)
 .vector_17     0x9d01f420        0x8 c:/program files (x86)/microchip/compilers/xc32/v1.22/bin/../lib/gcc/pic32mx/4.5.2/../../../../pic32mx/lib\libpic32.a(vector17.o)
                0x9d01f420                __vector_dispatch_17
                0x00000001                ASSERT (((_vector_spacing == 0x0) || (SIZEOF (.vector_17) <= (_vector_spacing << 0x5))), function at exception vector 17 too large)

.vector_18      0x9d01f440        0x8
 *(.vector_18)
 .vector_18     0x9d01f440        0x8 c:/program files (x86)/microchip/compilers/xc32/v1.22/bin/../lib/gcc/pic32mx/4.5.2/../../../../pic32mx/lib\libpic32.a(vector18.o)
                0x9d01f440                __vector_dispatch_18
                0x00000001                ASSERT (((_vector_spacing == 0x0) || (SIZEOF (.vector_18) <= (_vector_spacing << 0x5))), function at exception vector 18 too large)

.vector_19      0x9d01f460        0x8
 *(.vector_19)
 .vector_19     0x9d01f460        0x8 c:/program files (x86)/microchip/compilers/xc32/v1.22/bin/../lib/gcc/pic32mx/4.5.2/../../../../pic32mx/lib\libpic32.a(vector19.o)
                0x9d01f460                __vector_dispatch_19
                0x00000001                ASSERT (((_vector_spacing == 0x0) || (SIZEOF (.vector_19) <= (_vector_spacing << 0x5))), function at exception vector 19 too large)

.vector_20      0x9d01f480        0x8
 *(.vector_20)
 .vector_20     0x9d01f480        0x8 build/USB_Standalone/production/main.o
                0x9d01f480                __vector_dispatch_20
                0x00000001                ASSERT (((_vector_spacing == 0x0) || (SIZEOF (.vector_20) <= (_vector_spacing << 0x5))), function at exception vector 20 too large)

.vector_21      0x9d01f4a0        0x8
 *(.vector_21)
 .vector_21     0x9d01f4a0        0x8 c:/program files (x86)/microchip/compilers/xc32/v1.22/bin/../lib/gcc/pic32mx/4.5.2/../../../../pic32mx/lib\libpic32.a(vector21.o)
                0x9d01f4a0                __vector_dispatch_21
                0x00000001                ASSERT (((_vector_spacing == 0x0) || (SIZEOF (.vector_21) <= (_vector_spacing << 0x5))), function at exception vector 21 too large)

.vector_22      0x9d01f4c0        0x8
 *(.vector_22)
 .vector_22     0x9d01f4c0        0x8 c:/program files (x86)/microchip/compilers/xc32/v1.22/bin/../lib/gcc/pic32mx/4.5.2/../../../../pic32mx/lib\libpic32.a(vector22.o)
                0x9d01f4c0                __vector_dispatch_22
                0x00000001                ASSERT (((_vector_spacing == 0x0) || (SIZEOF (.vector_22) <= (_vector_spacing << 0x5))), function at exception vector 22 too large)

.vector_23      0x9d01f4e0        0x8
 *(.vector_23)
 .vector_23     0x9d01f4e0        0x8 c:/program files (x86)/microchip/compilers/xc32/v1.22/bin/../lib/gcc/pic32mx/4.5.2/../../../../pic32mx/lib\libpic32.a(vector23.o)
                0x9d01f4e0                __vector_dispatch_23
                0x00000001                ASSERT (((_vector_spacing == 0x0) || (SIZEOF (.vector_23) <= (_vector_spacing << 0x5))), function at exception vector 23 too large)

.vector_24      0x9d01f500        0x8
 *(.vector_24)
 .vector_24     0x9d01f500        0x8 c:/program files (x86)/microchip/compilers/xc32/v1.22/bin/../lib/gcc/pic32mx/4.5.2/../../../../pic32mx/lib\libpic32.a(vector24.o)
                0x9d01f500                __vector_dispatch_24
                0x00000001                ASSERT (((_vector_spacing == 0x0) || (SIZEOF (.vector_24) <= (_vector_spacing << 0x5))), function at exception vector 24 too large)

.vector_25      0x9d01f520        0x8
 *(.vector_25)
 .vector_25     0x9d01f520        0x8 c:/program files (x86)/microchip/compilers/xc32/v1.22/bin/../lib/gcc/pic32mx/4.5.2/../../../../pic32mx/lib\libpic32.a(vector25.o)
                0x9d01f520                __vector_dispatch_25
                0x00000001                ASSERT (((_vector_spacing == 0x0) || (SIZEOF (.vector_25) <= (_vector_spacing << 0x5))), function at exception vector 25 too large)

.vector_26      0x9d01f540        0x8
 *(.vector_26)
 .vector_26     0x9d01f540        0x8 c:/program files (x86)/microchip/compilers/xc32/v1.22/bin/../lib/gcc/pic32mx/4.5.2/../../../../pic32mx/lib\libpic32.a(vector26.o)
                0x9d01f540                __vector_dispatch_26
                0x00000001                ASSERT (((_vector_spacing == 0x0) || (SIZEOF (.vector_26) <= (_vector_spacing << 0x5))), function at exception vector 26 too large)

.vector_27      0x9d01f560        0x8
 *(.vector_27)
 .vector_27     0x9d01f560        0x8 c:/program files (x86)/microchip/compilers/xc32/v1.22/bin/../lib/gcc/pic32mx/4.5.2/../../../../pic32mx/lib\libpic32.a(vector27.o)
                0x9d01f560                __vector_dispatch_27
                0x00000001                ASSERT (((_vector_spacing == 0x0) || (SIZEOF (.vector_27) <= (_vector_spacing << 0x5))), function at exception vector 27 too large)

.vector_28      0x9d01f580        0x8
 *(.vector_28)
 .vector_28     0x9d01f580        0x8 c:/program files (x86)/microchip/compilers/xc32/v1.22/bin/../lib/gcc/pic32mx/4.5.2/../../../../pic32mx/lib\libpic32.a(vector28.o)
                0x9d01f580                __vector_dispatch_28
                0x00000001                ASSERT (((_vector_spacing == 0x0) || (SIZEOF (.vector_28) <= (_vector_spacing << 0x5))), function at exception vector 28 too large)

.vector_29      0x9d01f5a0        0x8
 *(.vector_29)
 .vector_29     0x9d01f5a0        0x8 c:/program files (x86)/microchip/compilers/xc32/v1.22/bin/../lib/gcc/pic32mx/4.5.2/../../../../pic32mx/lib\libpic32.a(vector29.o)
                0x9d01f5a0                __vector_dispatch_29
                0x00000001                ASSERT (((_vector_spacing == 0x0) || (SIZEOF (.vector_29) <= (_vector_spacing << 0x5))), function at exception vector 29 too large)

.vector_30      0x9d01f5c0        0x8
 *(.vector_30)
 .vector_30     0x9d01f5c0        0x8 c:/program files (x86)/microchip/compilers/xc32/v1.22/bin/../lib/gcc/pic32mx/4.5.2/../../../../pic32mx/lib\libpic32.a(vector30.o)
                0x9d01f5c0                __vector_dispatch_30
                0x00000001                ASSERT (((_vector_spacing == 0x0) || (SIZEOF (.vector_30) <= (_vector_spacing << 0x5))), function at exception vector 30 too large)

.vector_31      0x9d01f5e0        0x8
 *(.vector_31)
 .vector_31     0x9d01f5e0        0x8 c:/program files (x86)/microchip/compilers/xc32/v1.22/bin/../lib/gcc/pic32mx/4.5.2/../../../../pic32mx/lib\libpic32.a(vector31.o)
                0x9d01f5e0                __vector_dispatch_31
                0x00000001                ASSERT (((_vector_spacing == 0x0) || (SIZEOF (.vector_31) <= (_vector_spacing << 0x5))), function at exception vector 31 too large)

.vector_32      0x9d01f600        0x8
 *(.vector_32)
 .vector_32     0x9d01f600        0x8 build/USB_Standalone/production/main.o
                0x9d01f600                __vector_dispatch_32
                0x00000001                ASSERT (((_vector_spacing == 0x0) || (SIZEOF (.vector_32) <= (_vector_spacing << 0x5))), function at exception vector 32 too large)

.vector_33      0x9d01f620        0x8
 *(.vector_33)
 .vector_33     0x9d01f620        0x8 c:/program files (x86)/microchip/compilers/xc32/v1.22/bin/../lib/gcc/pic32mx/4.5.2/../../../../pic32mx/lib\libpic32.a(vector33.o)
                0x9d01f620                __vector_dispatch_33
                0x00000001                ASSERT (((_vector_spacing == 0x0) || (SIZEOF (.vector_33) <= (_vector_spacing << 0x5))), function at exception vector 33 too large)

.vector_34      0x9d01f640        0x8
 *(.vector_34)
 .vector_34     0x9d01f640        0x8 build/USB_Standalone/production/main.o
                0x9d01f640                __vector_dispatch_34
                0x00000001                ASSERT (((_vector_spacing == 0x0) || (SIZEOF (.vector_34) <= (_vector_spacing << 0x5))), function at exception vector 34 too large)

.vector_35      0x9d01f660        0x8
 *(.vector_35)
 .vector_35     0x9d01f660        0x8 c:/program files (x86)/microchip/compilers/xc32/v1.22/bin/../lib/gcc/pic32mx/4.5.2/../../../../pic32mx/lib\libpic32.a(vector35.o)
                0x9d01f660                __vector_dispatch_35
                0x00000001                ASSERT (((_vector_spacing == 0x0) || (SIZEOF (.vector_35) <= (_vector_spacing << 0x5))), function at exception vector 35 too large)

.vector_36      0x9d01f680        0x8
 *(.vector_36)
 .vector_36     0x9d01f680        0x8 c:/program files (x86)/microchip/compilers/xc32/v1.22/bin/../lib/gcc/pic32mx/4.5.2/../../../../pic32mx/lib\libpic32.a(vector36.o)
                0x9d01f680                __vector_dispatch_36
                0x00000001                ASSERT (((_vector_spacing == 0x0) || (SIZEOF (.vector_36) <= (_vector_spacing << 0x5))), function at exception vector 36 too large)

.vector_37      0x9d01f6a0        0x8
 *(.vector_37)
 .vector_37     0x9d01f6a0        0x8 c:/program files (x86)/microchip/compilers/xc32/v1.22/bin/../lib/gcc/pic32mx/4.5.2/../../../../pic32mx/lib\libpic32.a(vector37.o)
                0x9d01f6a0                __vector_dispatch_37
                0x00000001                ASSERT (((_vector_spacing == 0x0) || (SIZEOF (.vector_37) <= (_vector_spacing << 0x5))), function at exception vector 37 too large)

.vector_38      0x9d01f6c0        0x8
 *(.vector_38)
 .vector_38     0x9d01f6c0        0x8 c:/program files (x86)/microchip/compilers/xc32/v1.22/bin/../lib/gcc/pic32mx/4.5.2/../../../../pic32mx/lib\libpic32.a(vector38.o)
                0x9d01f6c0                __vector_dispatch_38
                0x00000001                ASSERT (((_vector_spacing == 0x0) || (SIZEOF (.vector_38) <= (_vector_spacing << 0x5))), function at exception vector 38 too large)

.vector_39      0x9d01f6e0        0x8
 *(.vector_39)
 .vector_39     0x9d01f6e0        0x8 c:/program files (x86)/microchip/compilers/xc32/v1.22/bin/../lib/gcc/pic32mx/4.5.2/../../../../pic32mx/lib\libpic32.a(vector39.o)
                0x9d01f6e0                __vector_dispatch_39
                0x00000001                ASSERT (((_vector_spacing == 0x0) || (SIZEOF (.vector_39) <= (_vector_spacing << 0x5))), function at exception vector 39 too large)

.vector_40      0x9d01f700        0x8
 *(.vector_40)
 .vector_40     0x9d01f700        0x8 c:/program files (x86)/microchip/compilers/xc32/v1.22/bin/../lib/gcc/pic32mx/4.5.2/../../../../pic32mx/lib\libpic32.a(vector40.o)
                0x9d01f700                __vector_dispatch_40
                0x00000001                ASSERT (((_vector_spacing == 0x0) || (SIZEOF (.vector_40) <= (_vector_spacing << 0x5))), function at exception vector 40 too large)

.vector_41      0x9d01f720        0x8
 *(.vector_41)
 .vector_41     0x9d01f720        0x8 c:/program files (x86)/microchip/compilers/xc32/v1.22/bin/../lib/gcc/pic32mx/4.5.2/../../../../pic32mx/lib\libpic32.a(vector41.o)
                0x9d01f720                __vector_dispatch_41
                0x00000001                ASSERT (((_vector_spacing == 0x0) || (SIZEOF (.vector_41) <= (_vector_spacing << 0x5))), function at exception vector 41 too large)

.vector_42      0x9d01f740        0x8
 *(.vector_42)
 .vector_42     0x9d01f740        0x8 c:/program files (x86)/microchip/compilers/xc32/v1.22/bin/../lib/gcc/pic32mx/4.5.2/../../../../pic32mx/lib\libpic32.a(vector42.o)
                0x9d01f740                __vector_dispatch_42
                0x00000001                ASSERT (((_vector_spacing == 0x0) || (SIZEOF (.vector_42) <= (_vector_spacing << 0x5))), function at exception vector 42 too large)

.vector_43      0x9d01f760        0x8
 *(.vector_43)
 .vector_43     0x9d01f760        0x8 c:/program files (x86)/microchip/compilers/xc32/v1.22/bin/../lib/gcc/pic32mx/4.5.2/../../../../pic32mx/lib\libpic32.a(vector43.o)
                0x9d01f760                __vector_dispatch_43
                0x00000001                ASSERT (((_vector_spacing == 0x0) || (SIZEOF (.vector_43) <= (_vector_spacing << 0x5))), function at exception vector 43 too large)

.vector_44      0x9d01f780        0x8
 *(.vector_44)
 .vector_44     0x9d01f780        0x8 c:/program files (x86)/microchip/compilers/xc32/v1.22/bin/../lib/gcc/pic32mx/4.5.2/../../../../pic32mx/lib\libpic32.a(vector44.o)
                0x9d01f780                __vector_dispatch_44
                0x00000001                ASSERT (((_vector_spacing == 0x0) || (SIZEOF (.vector_44) <= (_vector_spacing << 0x5))), function at exception vector 44 too large)

.vector_45      0x9d01f7a0        0x8
 *(.vector_45)
 .vector_45     0x9d01f7a0        0x8 c:/program files (x86)/microchip/compilers/xc32/v1.22/bin/../lib/gcc/pic32mx/4.5.2/../../../../pic32mx/lib\libpic32.a(vector45.o)
                0x9d01f7a0                __vector_dispatch_45
                0x00000001                ASSERT (((_vector_spacing == 0x0) || (SIZEOF (.vector_45) <= (_vector_spacing << 0x5))), function at exception vector 45 too large)

.vector_46      0x9d01f7c0        0x8
 *(.vector_46)
 .vector_46     0x9d01f7c0        0x8 c:/program files (x86)/microchip/compilers/xc32/v1.22/bin/../lib/gcc/pic32mx/4.5.2/../../../../pic32mx/lib\libpic32.a(vector46.o)
                0x9d01f7c0                __vector_dispatch_46
                0x00000001                ASSERT (((_vector_spacing == 0x0) || (SIZEOF (.vector_46) <= (_vector_spacing << 0x5))), function at exception vector 46 too large)

.vector_47      0x9d01f7e0        0x8
 *(.vector_47)
 .vector_47     0x9d01f7e0        0x8 c:/program files (x86)/microchip/compilers/xc32/v1.22/bin/../lib/gcc/pic32mx/4.5.2/../../../../pic32mx/lib\libpic32.a(vector47.o)
                0x9d01f7e0                __vector_dispatch_47
                0x00000001                ASSERT (((_vector_spacing == 0x0) || (SIZEOF (.vector_47) <= (_vector_spacing << 0x5))), function at exception vector 47 too large)

.vector_48      0x9d01f800        0x8
 *(.vector_48)
 .vector_48     0x9d01f800        0x8 c:/program files (x86)/microchip/compilers/xc32/v1.22/bin/../lib/gcc/pic32mx/4.5.2/../../../../pic32mx/lib\libpic32.a(vector48.o)
                0x9d01f800                __vector_dispatch_48
                0x00000001                ASSERT (((_vector_spacing == 0x0) || (SIZEOF (.vector_48) <= (_vector_spacing << 0x5))), function at exception vector 48 too large)

.vector_49      0x9d01f820        0x8
 *(.vector_49)
 .vector_49     0x9d01f820        0x8 c:/program files (x86)/microchip/compilers/xc32/v1.22/bin/../lib/gcc/pic32mx/4.5.2/../../../../pic32mx/lib\libpic32.a(vector49.o)
                0x9d01f820                __vector_dispatch_49
                0x00000001                ASSERT (((_vector_spacing == 0x0) || (SIZEOF (.vector_49) <= (_vector_spacing << 0x5))), function at exception vector 49 too large)

.vector_50      0x9d01f840        0x8
 *(.vector_50)
 .vector_50     0x9d01f840        0x8 c:/program files (x86)/microchip/compilers/xc32/v1.22/bin/../lib/gcc/pic32mx/4.5.2/../../../../pic32mx/lib\libpic32.a(vector50.o)
                0x9d01f840                __vector_dispatch_50
                0x00000001                ASSERT (((_vector_spacing == 0x0) || (SIZEOF (.vector_50) <= (_vector_spacing << 0x5))), function at exception vector 50 too large)

.vector_51      0x9d01f860        0x8
 *(.vector_51)
 .vector_51     0x9d01f860        0x8 c:/program files (x86)/microchip/compilers/xc32/v1.22/bin/../lib/gcc/pic32mx/4.5.2/../../../../pic32mx/lib\libpic32.a(vector51.o)
                0x9d01f860                __vector_dispatch_51
                0x00000001                ASSERT (((_vector_spacing == 0x0) || (SIZEOF (.vector_51) <= (_vector_spacing << 0x5))), function at exception vector 51 too large)

.vector_52      0x9d01f880        0x8
 *(.vector_52)
 .vector_52     0x9d01f880        0x8 c:/program files (x86)/microchip/compilers/xc32/v1.22/bin/../lib/gcc/pic32mx/4.5.2/../../../../pic32mx/lib\libpic32.a(vector52.o)
                0x9d01f880                __vector_dispatch_52
                0x00000001                ASSERT (((_vector_spacing == 0x0) || (SIZEOF (.vector_52) <= (_vector_spacing << 0x5))), function at exception vector 52 too large)

.vector_53      0x9d01f8a0        0x8
 *(.vector_53)
 .vector_53     0x9d01f8a0        0x8 c:/program files (x86)/microchip/compilers/xc32/v1.22/bin/../lib/gcc/pic32mx/4.5.2/../../../../pic32mx/lib\libpic32.a(vector53.o)
                0x9d01f8a0                __vector_dispatch_53
                0x00000001                ASSERT (((_vector_spacing == 0x0) || (SIZEOF (.vector_53) <= (_vector_spacing << 0x5))), function at exception vector 53 too large)

.vector_54      0x9d01f8c0        0x8
 *(.vector_54)
 .vector_54     0x9d01f8c0        0x8 c:/program files (x86)/microchip/compilers/xc32/v1.22/bin/../lib/gcc/pic32mx/4.5.2/../../../../pic32mx/lib\libpic32.a(vector54.o)
                0x9d01f8c0                __vector_dispatch_54
                0x00000001                ASSERT (((_vector_spacing == 0x0) || (SIZEOF (.vector_54) <= (_vector_spacing << 0x5))), function at exception vector 54 too large)

.vector_55      0x9d01f8e0        0x8
 *(.vector_55)
 .vector_55     0x9d01f8e0        0x8 c:/program files (x86)/microchip/compilers/xc32/v1.22/bin/../lib/gcc/pic32mx/4.5.2/../../../../pic32mx/lib\libpic32.a(vector55.o)
                0x9d01f8e0                __vector_dispatch_55
                0x00000001                ASSERT (((_vector_spacing == 0x0) || (SIZEOF (.vector_55) <= (_vector_spacing << 0x5))), function at exception vector 55 too large)

.vector_56      0x9d01f900        0x8
 *(.vector_56)
 .vector_56     0x9d01f900        0x8 c:/program files (x86)/microchip/compilers/xc32/v1.22/bin/../lib/gcc/pic32mx/4.5.2/../../../../pic32mx/lib\libpic32.a(vector56.o)
                0x9d01f900                __vector_dispatch_56
                0x00000001                ASSERT (((_vector_spacing == 0x0) || (SIZEOF (.vector_56) <= (_vector_spacing << 0x5))), function at exception vector 56 too large)

.vector_57      0x9d01f920        0x8
 *(.vector_57)
 .vector_57     0x9d01f920        0x8 c:/program files (x86)/microchip/compilers/xc32/v1.22/bin/../lib/gcc/pic32mx/4.5.2/../../../../pic32mx/lib\libpic32.a(vector57.o)
                0x9d01f920                __vector_dispatch_57
                0x00000001                ASSERT (((_vector_spacing == 0x0) || (SIZEOF (.vector_57) <= (_vector_spacing << 0x5))), function at exception vector 57 too large)

.vector_58      0x9d01f940        0x8
 *(.vector_58)
 .vector_58     0x9d01f940        0x8 c:/program files (x86)/microchip/compilers/xc32/v1.22/bin/../lib/gcc/pic32mx/4.5.2/../../../../pic32mx/lib\libpic32.a(vector58.o)
                0x9d01f940                __vector_dispatch_58
                0x00000001                ASSERT (((_vector_spacing == 0x0) || (SIZEOF (.vector_58) <= (_vector_spacing << 0x5))), function at exception vector 58 too large)

.vector_59      0x9d01f960        0x8
 *(.vector_59)
 .vector_59     0x9d01f960        0x8 c:/program files (x86)/microchip/compilers/xc32/v1.22/bin/../lib/gcc/pic32mx/4.5.2/../../../../pic32mx/lib\libpic32.a(vector59.o)
                0x9d01f960                __vector_dispatch_59
                0x00000001                ASSERT (((_vector_spacing == 0x0) || (SIZEOF (.vector_59) <= (_vector_spacing << 0x5))), function at exception vector 59 too large)

.vector_60      0x9d01f980        0x8
 *(.vector_60)
 .vector_60     0x9d01f980        0x8 c:/program files (x86)/microchip/compilers/xc32/v1.22/bin/../lib/gcc/pic32mx/4.5.2/../../../../pic32mx/lib\libpic32.a(vector60.o)
                0x9d01f980                __vector_dispatch_60
                0x00000001                ASSERT (((_vector_spacing == 0x0) || (SIZEOF (.vector_60) <= (_vector_spacing << 0x5))), function at exception vector 60 too large)

.vector_61      0x9d01f9a0        0x8
 *(.vector_61)
 .vector_61     0x9d01f9a0        0x8 c:/program files (x86)/microchip/compilers/xc32/v1.22/bin/../lib/gcc/pic32mx/4.5.2/../../../../pic32mx/lib\libpic32.a(vector61.o)
                0x9d01f9a0                __vector_dispatch_61
                0x00000001                ASSERT (((_vector_spacing == 0x0) || (SIZEOF (.vector_61) <= (_vector_spacing << 0x5))), function at exception vector 61 too large)

.vector_62      0x9d01f9c0        0x8
 *(.vector_62)
 .vector_62     0x9d01f9c0        0x8 c:/program files (x86)/microchip/compilers/xc32/v1.22/bin/../lib/gcc/pic32mx/4.5.2/../../../../pic32mx/lib\libpic32.a(vector62.o)
                0x9d01f9c0                __vector_dispatch_62
                0x00000001                ASSERT (((_vector_spacing == 0x0) || (SIZEOF (.vector_62) <= (_vector_spacing << 0x5))), function at exception vector 62 too large)

.vector_63      0x9d01f9e0        0x8
 *(.vector_63)
 .vector_63     0x9d01f9e0        0x8 c:/program files (x86)/microchip/compilers/xc32/v1.22/bin/../lib/gcc/pic32mx/4.5.2/../../../../pic32mx/lib\libpic32.a(vector63.o)
                0x9d01f9e0                __vector_dispatch_63
                0x00000001                ASSERT (((_vector_spacing == 0x0) || (SIZEOF (.vector_63) <= (_vector_spacing << 0x5))), function at exception vector 63 too large)

.startup
 *(.startup)

.text           0x9d000000        0x0
 *(.stub .gnu.linkonce.t.*)
 *(.text.*personality*)
 *(.mips16.fn.*)
 *(.mips16.call.*)
 *(.gnu.warning)
                0x9d000000                . = ALIGN (0x4)

.init           0x9d000000        0x0
 *crti.o(.init)
 *crtbegin.o(.init)
 *(EXCLUDE_FILE(*crtn.o *crtend?.o *crtend.o) .init)
 *crtend.o(.init)
 *crtn.o(.init)
                0x9d000000                . = ALIGN (0x4)

.fini           0x9d000000        0x0
 *(.fini)
                0x9d000000                . = ALIGN (0x4)

.preinit_array  0x9d000000        0x0
                0x9d000000                PROVIDE (__preinit_array_start, .)
 *(.preinit_array)
                0x9d000000                PROVIDE (__preinit_array_end, .)
                0x9d000000                . = ALIGN (0x4)

.init_array     0x9d000000        0x0
                0x9d000000                PROVIDE (__init_array_start, .)
 *(SORT(.init_array.*))
 *(.init_array)
                0x9d000000                PROVIDE (__init_array_end, .)
                0x9d000000                . = ALIGN (0x4)

.fini_array     0x9d000000        0x0
                0x9d000000                PROVIDE (__fini_array_start, .)
 *(SORT(.fini_array.*))
 *(.fini_array)
                0x9d000000                PROVIDE (__fini_array_end, .)
                0x9d000000                . = ALIGN (0x4)

.ctors          0x9d000000        0x0
 *crtbegin.o(.ctors)
 *crtbegin?.o(.ctors)
 *(EXCLUDE_FILE(*crtend?.o *crtend.o) .ctors)
 *(SORT(.ctors.*))
 *(.ctors)
                0x9d000000                . = ALIGN (0x4)

.dtors          0x9d000000        0x0
 *crtbegin.o(.dtors)
 *crtbegin?.o(.dtors)
 *(EXCLUDE_FILE(*crtend?.o *crtend.o) .dtors)
 *(SORT(.dtors.*))
 *(.dtors)
                0x9d000000                . = ALIGN (0x4)

.rodata         0x9d000000        0x0
 *(.gnu.linkonce.r.*)
 *(.rodata1)
                0x9d000000                . = ALIGN (0x4)

.sdata2         0x9fc00490        0x0
 *(.sdata2 .sdata2.* .gnu.linkonce.s2.*)
                0x9fc00490                . = ALIGN (0x4)

.sbss2          0x9fc00490        0x0
 *(.sbss2 .sbss2.* .gnu.linkonce.sb2.*)
                0x9fc00490                . = ALIGN (0x4)

.eh_frame_hdr
 *(.eh_frame_hdr)
                0x9fc00490                . = ALIGN (0x4)

.eh_frame
 *(.eh_frame)
                0x9fc00490                . = ALIGN (0x4)

.gcc_except_table
 *(.gcc_except_table .gcc_except_table.*)
                0x9fc00490                . = ALIGN (0x4)

.dbg_data       0xa0000000        0x0
                0xa0000000                . = (. + DEFINED (_DEBUGGER)?0x200:0x0)

.jcr            0xa0000000        0x0
 *(.jcr)
                0xa0000000                . = ALIGN (0x4)

.eh_frame
 *(.eh_frame)
                0xa0000000                . = ALIGN (0x4)

.gcc_except_table
 *(.gcc_except_table .gcc_except_table.*)
                0xa0000000                . = ALIGN (0x4)

.persist        0xa0000000        0x0
                0xa0000000                _persist_begin = .
 *(.persist .persist.*)
 *(.pbss .pbss.*)
                0xa0000000                . = ALIGN (0x4)
                0xa0000000                _persist_end = .

.data           0xa0000000        0x0
 *(.gnu.linkonce.d.*)
 *(.data1)
                0xa0000000                . = ALIGN (0x4)
                0xa0000000                . = .
                0xa0007ff0                _gp = (ALIGN (0x10) + 0x7ff0)

.got            0xa0000000        0x0
 *(.got.plt)
 *(.got)
                0xa0000000                . = ALIGN (0x4)

.sdata          0xa0000000        0xc
                0xa0000000                _sdata_begin = .
 *(.sdata .sdata.* .gnu.linkonce.s.*)
 .sdata.lag_reset_frames.lag_reset_frames
                0xa0000000        0x4 build/USB_Standalone/production/main.o
                0xa0000000                lag_reset_frames
 .sdata.uart_baud.uart_baud
                0xa0000004        0x4 build/USB_Standalone/production/main.o
                0xa0000004                uart_baud
 .sdata.uart_rx_len.uart_rx_len
                0xa0000008        0x1 build/USB_Standalone/production/main.o
                0xa0000008                uart_rx_len
                0xa000000c                . = ALIGN (0x4)
 *fill*         0xa0000009        0x3 
                0xa000000c                _sdata_end = .

.lit8
 *(.lit8)

.lit4
 *(.lit4)
                0xa000000c                . = ALIGN (0x4)
                0xa000000c                _data_end = .
                0xa000000c                _bss_begin = .

.sbss           0xa000000c       0xf8
                0xa000000c                _sbss_begin = .
 *(.dynsbss)
 *(.sbss .sbss.* .gnu.linkonce.sb.*)
 .sbss.latch.latch
                0xa000000c        0x4 build/USB_Standalone/production/main.o
                0xa000000c                latch
 .sbss.ioaux_state.ioaux_state
                0xa0000010        0x4 build/USB_Standalone/production/main.o
                0xa0000010                ioaux_state
 .sbss.mode.mode
                0xa0000014        0x1 build/USB_Standalone/production/main.o
                0xa0000014                mode
 .sbss.skiplatch.skiplatch
                0xa0000015        0x1 build/USB_Standalone/production/main.o
                0xa0000015                skiplatch
 *(.scommon)
 *fill*         0xa0000016        0x2 
 .scommon       0xa0000018        0x8 build/USB_Standalone/production/usb/usb.o
                0xa0000018                lastTransmission
                0xa000001c                usb_in_rdy
                0xa000001d                last_usb_in
                0xa000001e                next_usb_out
                0xa000001f                usb_in_pos
 .scommon       0xa0000020       0x5c build/USB_Standalone/production/usb/usb_device.o
                0xa0000020                pDst
                0xa0000024                USBDeferINDataStagePackets
                0xa0000028                CtrlTrfData
                0xa0000030                USBDeferOUTDataStagePackets
                0xa0000034                USBDeviceState
                0xa0000038                controlTransferState
                0xa0000039                endpoint_number
                0xa000003c                ep_data_out
                0xa0000040                USBStatusStageEnabledFlag1
                0xa0000044                USBStatusStageEnabledFlag2
                0xa0000048                BothEP0OutUOWNsSet
                0xa000004c                pBDTEntryEP0OutNext
                0xa0000050                USBBusIsSuspended
                0xa0000054                USBStatusStageTimeoutCounter
                0xa0000058                SetupPkt
                0xa0000060                ep_data_in
                0xa0000063                shortPacketStatus
                0xa0000064                pBDTEntryEP0OutCurrent
                0xa0000068                USBActiveConfiguration
                0xa000006c                RemoteWakeup
                0xa0000070                USTATcopy
                0xa0000074                USBAlternateInterface
                0xa0000078                USBDeferStatusStagePacket
 .scommon       0xa000007c       0x38 build/USB_Standalone/production/usb/usb_function_cdc.o
                0xa000007c                control_signal_bitmap
                0xa0000080                cdc_tx_len
                0xa0000084                pCDCSrc
                0xa0000088                CDCDataOutHandle
                0xa000008c                cdc_rx_len
                0xa0000090                line_coding
                0xa0000098                BaudRateGen
                0xa000009c                CDCDataInHandle
                0xa00000a0                cdc_trf_state
                0xa00000a4                pCDCDst
                0xa00000a8                cdc_mem_type
                0xa00000ac                dummy_encapsulated_cmd_response
 .scommon       0xa00000b4       0x50 build/USB_Standalone/production/main.o
                0xa00000b4                latches_per_frame
                0xa00000b8                data_read
                0xa00000bc                uart_err_count
                0xa00000c0                framecount
                0xa00000c8                lastlag
                0xa00000cc                latch_dir
                0xa00000d0                led_count
                0xa00000d4                uart_rx_timeout
                0xa00000d8                usb_rx_len
                0xa00000d9                vsync_detect
                0xa00000dc                frameperiod
                0xa00000e0                led_flash
                0xa00000e4                lagdet_ena
                0xa00000e8                data_write
                0xa00000ec                next_usb_tx
                0xa00000f0                console_is_reset
                0xa00000f4                btn_count
                0xa00000fc                data_mask
                0xa0000100                clock
                0xa0000104                _sbss_end = .
                0xa0000104                . = ALIGN (0x4)

.bss            0xa0000200      0x728
 *(.dynbss)
 *(COMMON)
 COMMON         0xa0000200       0x93 build/USB_Standalone/production/usb/usb_device.o
                0xa0000200                BDT
                0xa0000260                inPipes
                0xa0000270                pBDTEntryIn
                0xa000027c                pBDTEntryOut
                0xa0000288                outPipes
 *fill*         0xa0000293        0x1 
 COMMON         0xa0000294      0x10a build/USB_Standalone/production/usb/usb_function_cdc.o
                0xa0000294                cdc_data_tx
                0xa0000354                cdc_data_rx
                0xa0000394                cdc_notice
 *fill*         0xa000039e        0x2 
 COMMON         0xa00003a0      0x588 build/USB_Standalone/production/main.o
                0xa00003a0                uart_tx_buf
                0xa00003c0                usb_tx_buf
                0xa0000400                data0_ptr
                0xa0000410                data1_ptr
                0xa0000420                data
                0xa0000820                uart_rx_buf
                0xa0000868                usb_rx_buf
                0xa0000928                . = ALIGN ((. != 0x0)?0x4:0x1)
                0xa0000928                . = ALIGN (0x4)
                0xa0000928                _end = .
                0xa0000928                _bss_end = .
                0x00008000                _bmxdudba_address = 0x8000
                0x00008000                _bmxdupba_address = 0x8000

/DISCARD/
 *(.pdr)
 *(.rel.dyn)
 *(.note.GNU-stack)
 *(.note.GNU-stack)
 *(.gnu_debuglink)
 *(.gnu.lto_*)
 *(.discard)

.gptab.sdata
 *(.gptab.data)
 *(.gptab.sdata)

.gptab.sbss
 *(.gptab.bss)
 *(.gptab.sbss)

.mdebug.abi32   0xa0000928        0x0
 *(.mdebug.abi32)
 .mdebug.abi32  0xa0000928        0x0 build/USB_Standalone/production/usb/usb.o
 .mdebug.abi32  0xa0000928        0x0 build/USB_Standalone/production/usb/usb_device.o
 .mdebug.abi32  0xa0000928        0x0 build/USB_Standalone/production/usb/usb_function_cdc.o
 .mdebug.abi32  0xa0000928        0x0 build/USB_Standalone/production/usb/usb_descriptors.o
 .mdebug.abi32  0xa0000928        0x0 build/USB_Standalone/production/main.o
 .mdebug.abi32  0xa0000928        0x0 c:/program files (x86)/microchip/compilers/xc32/v1.22/bin/../lib/gcc/pic32mx/4.5.2/../../../../pic32mx/lib\libmchp_peripheral_32MX250F128B.a(int_disable_interrupts_lib.o)
 .mdebug.abi32  0xa0000928        0x0 c:/program files (x86)/microchip/compilers/xc32/v1.22/bin/../lib/gcc/pic32mx/4.5.2/../../../../pic32mx/lib\libmchp_peripheral_32MX250F128B.a(int_restore_interrupts_lib.o)
 .mdebug.abi32  0xa0000928        0x0 c:/program files (x86)/microchip/compilers/xc32/v1.22/bin/../lib/gcc/pic32mx/4.5.2/../../../../pic32mx/lib\libmchp_peripheral_32MX250F128B.a(int_enable_mv_int_lib.o)
 .mdebug.abi32  0xa0000928        0x0 c:/program files (x86)/microchip/compilers/xc32/v1.22/bin/../lib/gcc/pic32mx/4.5.2/../../../../pic32mx/lib\libmchp_peripheral_32MX250F128B.a(int_tbl_lib.o)
 .mdebug.abi32  0xa0000928        0x0 c:/program files (x86)/microchip/compilers/xc32/v1.22/bin/../lib/gcc/pic32mx/4.5.2/../../../../pic32mx/lib\libmchp_peripheral_32MX250F128B.a(port_set_pins_digital_in_lib.o)
 .mdebug.abi32  0xa0000928        0x0 c:/program files (x86)/microchip/compilers/xc32/v1.22/bin/../lib/gcc/pic32mx/4.5.2/../../../../pic32mx/lib\libmchp_peripheral_32MX250F128B.a(port_set_pins_digital_out_lib.o)
 .mdebug.abi32  0xa0000928        0x0 c:/program files (x86)/microchip/compilers/xc32/v1.22/bin/../lib/gcc/pic32mx/4.5.2/../../../../pic32mx/lib\libmchp_peripheral_32MX250F128B.a(port_read_bits_lib.o)
 .mdebug.abi32  0xa0000928        0x0 c:/program files (x86)/microchip/compilers/xc32/v1.22/bin/../lib/gcc/pic32mx/4.5.2/../../../../pic32mx/lib\libmchp_peripheral_32MX250F128B.a(port_clear_bits_lib.o)
 .mdebug.abi32  0xa0000928        0x0 c:/program files (x86)/microchip/compilers/xc32/v1.22/bin/../lib/gcc/pic32mx/4.5.2/../../../../pic32mx/lib\libmchp_peripheral_32MX250F128B.a(port_set_bits_lib.o)
 .mdebug.abi32  0xa0000928        0x0 c:/program files (x86)/microchip/compilers/xc32/v1.22/bin/../lib/gcc/pic32mx/4.5.2/../../../../pic32mx/lib\libmchp_peripheral_32MX250F128B.a(port_toggle_bits_lib.o)
 .mdebug.abi32  0xa0000928        0x0 c:/program files (x86)/microchip/compilers/xc32/v1.22/bin/../lib/gcc/pic32mx/4.5.2/../../../../pic32mx/lib\libmchp_peripheral_32MX250F128B.a(_ports_tbl_libp.o)
 .mdebug.abi32  0xa0000928        0x0 c:/program files (x86)/microchip/compilers/xc32/v1.22/bin/../lib/gcc/pic32mx/4.5.2/../../../../pic32mx/lib\libmchp_peripheral_32MX250F128B.a(uart_lib.o)
 .mdebug.abi32  0xa0000928        0x0 c:/program files (x86)/microchip/compilers/xc32/v1.22/bin/../lib/gcc/pic32mx/4.5.2/../../../../pic32mx/lib\libmchp_peripheral_32MX250F128B.a(int_enable_interrupts_lib.o)
 .mdebug.abi32  0xa0000928        0x0 c:/program files (x86)/microchip/compilers/xc32/v1.22/bin/../lib/gcc/pic32mx/4.5.2/../../../../pic32mx/lib\libpic32.a(default-bootstrap-exception-handler.o)
 .mdebug.abi32  0xa0000928        0x0 c:/program files (x86)/microchip/compilers/xc32/v1.22/bin/../lib/gcc/pic32mx/4.5.2/../../../../pic32mx/lib\libpic32.a(default-on-reset.o)
 .mdebug.abi32  0xa0000928        0x0 c:/program files (x86)/microchip/compilers/xc32/v1.22/bin/../lib/gcc/pic32mx/4.5.2/../../../../pic32mx/lib\libpic32.a(default-on-bootstrap.o)
 .mdebug.abi32  0xa0000928        0x0 c:/program files (x86)/microchip/compilers/xc32/v1.22/bin/../lib/gcc/pic32mx/4.5.2/../../../../pic32mx/lib\libpic32.a(default-general-exception-handler.o)
 .mdebug.abi32  0xa0000928        0x0 c:/program files (x86)/microchip/compilers/xc32/v1.22/bin/../lib/gcc/pic32mx/4.5.2/../../../../pic32mx/lib\libpic32.a(defaultinterrupt.o)

.mdebug.abiN32
 *(.mdebug.abiN32)

.mdebug.abi64
 *(.mdebug.abi64)

.mdebug.abiO64
 *(.mdebug.abiO64)

.mdebug.eabi32
 *(.mdebug.eabi32)

.mdebug.eabi64
 *(.mdebug.eabi64)

.gcc_compiled_long32
 *(.gcc_compiled_long32)

.gcc_compiled_long64
 *(.gcc_compiled_long64)

.stab
 *(.stab)

.stabstr
 *(.stabstr)

.stab.excl
 *(.stab.excl)

.stab.exclstr
 *(.stab.exclstr)

.stab.index
 *(.stab.index)

.stab.indexstr
 *(.stab.indexstr)

.comment        0x00000000       0x90
 *(.comment)
 .comment       0x00000000       0x3c build/USB_Standalone/production/usb/usb.o
                                 0x3d (size before relaxing)
 .comment       0x00000000       0x3d build/USB_Standalone/production/usb/usb_device.o
 .comment       0x00000000       0x3d build/USB_Standalone/production/usb/usb_function_cdc.o
 .comment       0x00000000       0x3d build/USB_Standalone/production/usb/usb_descriptors.o
 .comment       0x00000000       0x3d build/USB_Standalone/production/main.o
 .comment       0x0000003c       0x3c c:/program files (x86)/microchip/compilers/xc32/v1.22/bin/../lib/gcc/pic32mx/4.5.2/../../../../pic32mx/lib\libmchp_peripheral_32MX250F128B.a(int_disable_interrupts_lib.o)
                                 0x3d (size before relaxing)
 .comment       0x00000000       0x3d c:/program files (x86)/microchip/compilers/xc32/v1.22/bin/../lib/gcc/pic32mx/4.5.2/../../../../pic32mx/lib\libmchp_peripheral_32MX250F128B.a(int_restore_interrupts_lib.o)
 .comment       0x00000000       0x3d c:/program files (x86)/microchip/compilers/xc32/v1.22/bin/../lib/gcc/pic32mx/4.5.2/../../../../pic32mx/lib\libmchp_peripheral_32MX250F128B.a(int_enable_mv_int_lib.o)
 .comment       0x00000000       0x3d c:/program files (x86)/microchip/compilers/xc32/v1.22/bin/../lib/gcc/pic32mx/4.5.2/../../../../pic32mx/lib\libmchp_peripheral_32MX250F128B.a(int_tbl_lib.o)
 .comment       0x00000000       0x3d c:/program files (x86)/microchip/compilers/xc32/v1.22/bin/../lib/gcc/pic32mx/4.5.2/../../../../pic32mx/lib\libmchp_peripheral_32MX250F128B.a(port_set_pins_digital_in_lib.o)
 .comment       0x00000000       0x3d c:/program files (x86)/microchip/compilers/xc32/v1.22/bin/../lib/gcc/pic32mx/4.5.2/../../../../pic32mx/lib\libmchp_peripheral_32MX250F128B.a(port_set_pins_digital_out_lib.o)
 .comment       0x00000000       0x3d c:/program files (x86)/microchip/compilers/xc32/v1.22/bin/../lib/gcc/pic32mx/4.5.2/../../../../pic32mx/lib\libmchp_peripheral_32MX250F128B.a(port_read_bits_lib.o)
 .comment       0x00000000       0x3d c:/program files (x86)/microchip/compilers/xc32/v1.22/bin/../lib/gcc/pic32mx/4.5.2/../../../../pic32mx/lib\libmchp_peripheral_32MX250F128B.a(port_clear_bits_lib.o)
 .comment       0x00000000       0x3d c:/program files (x86)/microchip/compilers/xc32/v1.22/bin/../lib/gcc/pic32mx/4.5.2/../../../../pic32mx/lib\libmchp_peripheral_32MX250F128B.a(port_set_bits_lib.o)
 .comment       0x00000000       0x3d c:/program files (x86)/microchip/compilers/xc32/v1.22/bin/../lib/gcc/pic32mx/4.5.2/../../../../pic32mx/lib\libmchp_peripheral_32MX250F128B.a(port_toggle_bits_lib.o)
 .comment       0x00000000       0x3d c:/program files (x86)/microchip/compilers/xc32/v1.22/bin/../lib/gcc/pic32mx/4.5.2/../../../../pic32mx/lib\libmchp_peripheral_32MX250F128B.a(_ports_tbl_libp.o)
 .comment       0x00000000       0x3d c:/program files (x86)/microchip/compilers/xc32/v1.22/bin/../lib/gcc/pic32mx/4.5.2/../../../../pic32mx/lib\libmchp_peripheral_32MX250F128B.a(uart_lib.o)
 .comment       0x00000000       0x3d c:/program files (x86)/microchip/compilers/xc32/v1.22/bin/../lib/gcc/pic32mx/4.5.2/../../../../pic32mx/lib\libmchp_peripheral_32MX250F128B.a(int_enable_interrupts_lib.o)
 .comment       0x00000078       0x18 c:/program files (x86)/microchip/compilers/xc32/v1.22/bin/../lib/gcc/pic32mx/4.5.2/../../../../pic32mx/lib\libpic32.a(memset.o)
                                 0x19 (size before relaxing)
 .comment       0x00000000       0x3d c:/program files (x86)/microchip/compilers/xc32/v1.22/bin/../lib/gcc/pic32mx/4.5.2/../../../../pic32mx/lib\libpic32.a(default-bootstrap-exception-handler.o)
 .comment       0x00000000       0x3d c:/program files (x86)/microchip/compilers/xc32/v1.22/bin/../lib/gcc/pic32mx/4.5.2/../../../../pic32mx/lib\libpic32.a(default-on-reset.o)
 .comment       0x00000000       0x3d c:/program files (x86)/microchip/compilers/xc32/v1.22/bin/../lib/gcc/pic32mx/4.5.2/../../../../pic32mx/lib\libpic32.a(default-on-bootstrap.o)
 .comment       0x00000000       0x3d c:/program files (x86)/microchip/compilers/xc32/v1.22/bin/../lib/gcc/pic32mx/4.5.2/../../../../pic32mx/lib\libpic32.a(default-general-exception-handler.o)
 .comment       0x00000000       0x3d c:/program files (x86)/microchip/compilers/xc32/v1.22/bin/../lib/gcc/pic32mx/4.5.2/../../../../pic32mx/lib\libpic32.a(defaultinterrupt.o)

.debug
 *(.debug)

.line
 *(.line)

.debug_srcinfo
 *(.debug_srcinfo)

.debug_sfnames
 *(.debug_sfnames)

.debug_aranges  0x00000000      0x458
 *(.debug_aranges)
 .debug_aranges
                0x00000000       0x48 build/USB_Standalone/production/usb/usb.o
 .debug_aranges
                0x00000048       0x68 build/USB_Standalone/production/usb/usb_device.o
 .debug_aranges
                0x000000b0       0x58 build/USB_Standalone/production/usb/usb_function_cdc.o
 .debug_aranges
                0x00000108       0xb8 build/USB_Standalone/production/main.o
 .debug_aranges
                0x000001c0       0x20 c:/program files (x86)/microchip/compilers/xc32/v1.22/bin/../lib/gcc/pic32mx/4.5.2/../../../../pic32mx/lib\libmchp_peripheral_32MX250F128B.a(int_disable_interrupts_lib.o)
 .debug_aranges
                0x000001e0       0x20 c:/program files (x86)/microchip/compilers/xc32/v1.22/bin/../lib/gcc/pic32mx/4.5.2/../../../../pic32mx/lib\libmchp_peripheral_32MX250F128B.a(int_restore_interrupts_lib.o)
 .debug_aranges
                0x00000200       0x20 c:/program files (x86)/microchip/compilers/xc32/v1.22/bin/../lib/gcc/pic32mx/4.5.2/../../../../pic32mx/lib\libmchp_peripheral_32MX250F128B.a(int_enable_mv_int_lib.o)
 .debug_aranges
                0x00000220       0x60 c:/program files (x86)/microchip/compilers/xc32/v1.22/bin/../lib/gcc/pic32mx/4.5.2/../../../../pic32mx/lib\libmchp_peripheral_32MX250F128B.a(int_tbl_lib.o)
 .debug_aranges
                0x00000280       0x20 c:/program files (x86)/microchip/compilers/xc32/v1.22/bin/../lib/gcc/pic32mx/4.5.2/../../../../pic32mx/lib\libmchp_peripheral_32MX250F128B.a(port_set_pins_digital_in_lib.o)
 .debug_aranges
                0x000002a0       0x20 c:/program files (x86)/microchip/compilers/xc32/v1.22/bin/../lib/gcc/pic32mx/4.5.2/../../../../pic32mx/lib\libmchp_peripheral_32MX250F128B.a(port_set_pins_digital_out_lib.o)
 .debug_aranges
                0x000002c0       0x20 c:/program files (x86)/microchip/compilers/xc32/v1.22/bin/../lib/gcc/pic32mx/4.5.2/../../../../pic32mx/lib\libmchp_peripheral_32MX250F128B.a(port_read_bits_lib.o)
 .debug_aranges
                0x000002e0       0x20 c:/program files (x86)/microchip/compilers/xc32/v1.22/bin/../lib/gcc/pic32mx/4.5.2/../../../../pic32mx/lib\libmchp_peripheral_32MX250F128B.a(port_clear_bits_lib.o)
 .debug_aranges
                0x00000300       0x20 c:/program files (x86)/microchip/compilers/xc32/v1.22/bin/../lib/gcc/pic32mx/4.5.2/../../../../pic32mx/lib\libmchp_peripheral_32MX250F128B.a(port_set_bits_lib.o)
 .debug_aranges
                0x00000320       0x20 c:/program files (x86)/microchip/compilers/xc32/v1.22/bin/../lib/gcc/pic32mx/4.5.2/../../../../pic32mx/lib\libmchp_peripheral_32MX250F128B.a(port_toggle_bits_lib.o)
 .debug_aranges
                0x00000340       0x58 c:/program files (x86)/microchip/compilers/xc32/v1.22/bin/../lib/gcc/pic32mx/4.5.2/../../../../pic32mx/lib\libmchp_peripheral_32MX250F128B.a(uart_lib.o)
 .debug_aranges
                0x00000398       0x20 c:/program files (x86)/microchip/compilers/xc32/v1.22/bin/../lib/gcc/pic32mx/4.5.2/../../../../pic32mx/lib\libmchp_peripheral_32MX250F128B.a(int_enable_interrupts_lib.o)
 .debug_aranges
                0x000003b8       0x20 c:/program files (x86)/microchip/compilers/xc32/v1.22/bin/../lib/gcc/pic32mx/4.5.2/../../../../pic32mx/lib\libpic32.a(default-bootstrap-exception-handler.o)
 .debug_aranges
                0x000003d8       0x20 c:/program files (x86)/microchip/compilers/xc32/v1.22/bin/../lib/gcc/pic32mx/4.5.2/../../../../pic32mx/lib\libpic32.a(default-on-reset.o)
 .debug_aranges
                0x000003f8       0x20 c:/program files (x86)/microchip/compilers/xc32/v1.22/bin/../lib/gcc/pic32mx/4.5.2/../../../../pic32mx/lib\libpic32.a(default-on-bootstrap.o)
 .debug_aranges
                0x00000418       0x20 c:/program files (x86)/microchip/compilers/xc32/v1.22/bin/../lib/gcc/pic32mx/4.5.2/../../../../pic32mx/lib\libpic32.a(default-general-exception-handler.o)
 .debug_aranges
                0x00000438       0x20 c:/program files (x86)/microchip/compilers/xc32/v1.22/bin/../lib/gcc/pic32mx/4.5.2/../../../../pic32mx/lib\libpic32.a(defaultinterrupt.o)

.debug_pubnames
                0x00000000      0xe23
 *(.debug_pubnames)
 .debug_pubnames
                0x00000000      0x116 build/USB_Standalone/production/usb/usb.o
 .debug_pubnames
                0x00000116      0x312 build/USB_Standalone/production/usb/usb_device.o
 .debug_pubnames
                0x00000428      0x1b2 build/USB_Standalone/production/usb/usb_function_cdc.o
 .debug_pubnames
                0x000005da       0x73 build/USB_Standalone/production/usb/usb_descriptors.o
 .debug_pubnames
                0x0000064d      0x3f0 build/USB_Standalone/production/main.o
 .debug_pubnames
                0x00000a3d       0x2b c:/program files (x86)/microchip/compilers/xc32/v1.22/bin/../lib/gcc/pic32mx/4.5.2/../../../../pic32mx/lib\libmchp_peripheral_32MX250F128B.a(int_disable_interrupts_lib.o)
 .debug_pubnames
                0x00000a68       0x2b c:/program files (x86)/microchip/compilers/xc32/v1.22/bin/../lib/gcc/pic32mx/4.5.2/../../../../pic32mx/lib\libmchp_peripheral_32MX250F128B.a(int_restore_interrupts_lib.o)
 .debug_pubnames
                0x00000a93       0x36 c:/program files (x86)/microchip/compilers/xc32/v1.22/bin/../lib/gcc/pic32mx/4.5.2/../../../../pic32mx/lib\libmchp_peripheral_32MX250F128B.a(int_enable_mv_int_lib.o)
 .debug_pubnames
                0x00000ac9       0xca c:/program files (x86)/microchip/compilers/xc32/v1.22/bin/../lib/gcc/pic32mx/4.5.2/../../../../pic32mx/lib\libmchp_peripheral_32MX250F128B.a(int_tbl_lib.o)
 .debug_pubnames
                0x00000b93       0x2b c:/program files (x86)/microchip/compilers/xc32/v1.22/bin/../lib/gcc/pic32mx/4.5.2/../../../../pic32mx/lib\libmchp_peripheral_32MX250F128B.a(port_set_pins_digital_in_lib.o)
 .debug_pubnames
                0x00000bbe       0x2c c:/program files (x86)/microchip/compilers/xc32/v1.22/bin/../lib/gcc/pic32mx/4.5.2/../../../../pic32mx/lib\libmchp_peripheral_32MX250F128B.a(port_set_pins_digital_out_lib.o)
 .debug_pubnames
                0x00000bea       0x23 c:/program files (x86)/microchip/compilers/xc32/v1.22/bin/../lib/gcc/pic32mx/4.5.2/../../../../pic32mx/lib\libmchp_peripheral_32MX250F128B.a(port_read_bits_lib.o)
 .debug_pubnames
                0x00000c0d       0x24 c:/program files (x86)/microchip/compilers/xc32/v1.22/bin/../lib/gcc/pic32mx/4.5.2/../../../../pic32mx/lib\libmchp_peripheral_32MX250F128B.a(port_clear_bits_lib.o)
 .debug_pubnames
                0x00000c31       0x22 c:/program files (x86)/microchip/compilers/xc32/v1.22/bin/../lib/gcc/pic32mx/4.5.2/../../../../pic32mx/lib\libmchp_peripheral_32MX250F128B.a(port_set_bits_lib.o)
 .debug_pubnames
                0x00000c53       0x25 c:/program files (x86)/microchip/compilers/xc32/v1.22/bin/../lib/gcc/pic32mx/4.5.2/../../../../pic32mx/lib\libmchp_peripheral_32MX250F128B.a(port_toggle_bits_lib.o)
 .debug_pubnames
                0x00000c78       0xb1 c:/program files (x86)/microchip/compilers/xc32/v1.22/bin/../lib/gcc/pic32mx/4.5.2/../../../../pic32mx/lib\libmchp_peripheral_32MX250F128B.a(uart_lib.o)
 .debug_pubnames
                0x00000d29       0x2a c:/program files (x86)/microchip/compilers/xc32/v1.22/bin/../lib/gcc/pic32mx/4.5.2/../../../../pic32mx/lib\libmchp_peripheral_32MX250F128B.a(int_enable_interrupts_lib.o)
 .debug_pubnames
                0x00000d53       0x33 c:/program files (x86)/microchip/compilers/xc32/v1.22/bin/../lib/gcc/pic32mx/4.5.2/../../../../pic32mx/lib\libpic32.a(default-bootstrap-exception-handler.o)
 .debug_pubnames
                0x00000d86       0x20 c:/program files (x86)/microchip/compilers/xc32/v1.22/bin/../lib/gcc/pic32mx/4.5.2/../../../../pic32mx/lib\libpic32.a(default-on-reset.o)
 .debug_pubnames
                0x00000da6       0x24 c:/program files (x86)/microchip/compilers/xc32/v1.22/bin/../lib/gcc/pic32mx/4.5.2/../../../../pic32mx/lib\libpic32.a(default-on-bootstrap.o)
 .debug_pubnames
                0x00000dca       0x31 c:/program files (x86)/microchip/compilers/xc32/v1.22/bin/../lib/gcc/pic32mx/4.5.2/../../../../pic32mx/lib\libpic32.a(default-general-exception-handler.o)
 .debug_pubnames
                0x00000dfb       0x28 c:/program files (x86)/microchip/compilers/xc32/v1.22/bin/../lib/gcc/pic32mx/4.5.2/../../../../pic32mx/lib\libpic32.a(defaultinterrupt.o)

.debug_info     0x00000000     0xd7d4
 *(.debug_info .gnu.linkonce.wi.*)
 .debug_info    0x00000000     0x1e07 build/USB_Standalone/production/usb/usb.o
 .debug_info    0x00001e07     0x3754 build/USB_Standalone/production/usb/usb_device.o
 .debug_info    0x0000555b     0x2728 build/USB_Standalone/production/usb/usb_function_cdc.o
 .debug_info    0x00007c83     0x159a build/USB_Standalone/production/usb/usb_descriptors.o
 .debug_info    0x0000921d     0x37b4 build/USB_Standalone/production/main.o
 .debug_info    0x0000c9d1       0xb6 c:/program files (x86)/microchip/compilers/xc32/v1.22/bin/../lib/gcc/pic32mx/4.5.2/../../../../pic32mx/lib\libmchp_peripheral_32MX250F128B.a(int_disable_interrupts_lib.o)
 .debug_info    0x0000ca87       0xb6 c:/program files (x86)/microchip/compilers/xc32/v1.22/bin/../lib/gcc/pic32mx/4.5.2/../../../../pic32mx/lib\libmchp_peripheral_32MX250F128B.a(int_restore_interrupts_lib.o)
 .debug_info    0x0000cb3d       0xbc c:/program files (x86)/microchip/compilers/xc32/v1.22/bin/../lib/gcc/pic32mx/4.5.2/../../../../pic32mx/lib\libmchp_peripheral_32MX250F128B.a(int_enable_mv_int_lib.o)
 .debug_info    0x0000cbf9      0x196 c:/program files (x86)/microchip/compilers/xc32/v1.22/bin/../lib/gcc/pic32mx/4.5.2/../../../../pic32mx/lib\libmchp_peripheral_32MX250F128B.a(int_tbl_lib.o)
 .debug_info    0x0000cd8f       0xba c:/program files (x86)/microchip/compilers/xc32/v1.22/bin/../lib/gcc/pic32mx/4.5.2/../../../../pic32mx/lib\libmchp_peripheral_32MX250F128B.a(port_set_pins_digital_in_lib.o)
 .debug_info    0x0000ce49       0xbc c:/program files (x86)/microchip/compilers/xc32/v1.22/bin/../lib/gcc/pic32mx/4.5.2/../../../../pic32mx/lib\libmchp_peripheral_32MX250F128B.a(port_set_pins_digital_out_lib.o)
 .debug_info    0x0000cf05       0xa8 c:/program files (x86)/microchip/compilers/xc32/v1.22/bin/../lib/gcc/pic32mx/4.5.2/../../../../pic32mx/lib\libmchp_peripheral_32MX250F128B.a(port_read_bits_lib.o)
 .debug_info    0x0000cfad       0xaa c:/program files (x86)/microchip/compilers/xc32/v1.22/bin/../lib/gcc/pic32mx/4.5.2/../../../../pic32mx/lib\libmchp_peripheral_32MX250F128B.a(port_clear_bits_lib.o)
 .debug_info    0x0000d057       0xa6 c:/program files (x86)/microchip/compilers/xc32/v1.22/bin/../lib/gcc/pic32mx/4.5.2/../../../../pic32mx/lib\libmchp_peripheral_32MX250F128B.a(port_set_bits_lib.o)
 .debug_info    0x0000d0fd       0xac c:/program files (x86)/microchip/compilers/xc32/v1.22/bin/../lib/gcc/pic32mx/4.5.2/../../../../pic32mx/lib\libmchp_peripheral_32MX250F128B.a(port_toggle_bits_lib.o)
 .debug_info    0x0000d1a9        0x0 c:/program files (x86)/microchip/compilers/xc32/v1.22/bin/../lib/gcc/pic32mx/4.5.2/../../../../pic32mx/lib\libmchp_peripheral_32MX250F128B.a(_ports_tbl_libp.o)
 .debug_info    0x0000d1a9      0x175 c:/program files (x86)/microchip/compilers/xc32/v1.22/bin/../lib/gcc/pic32mx/4.5.2/../../../../pic32mx/lib\libmchp_peripheral_32MX250F128B.a(uart_lib.o)
 .debug_info    0x0000d31e       0xb4 c:/program files (x86)/microchip/compilers/xc32/v1.22/bin/../lib/gcc/pic32mx/4.5.2/../../../../pic32mx/lib\libmchp_peripheral_32MX250F128B.a(int_enable_interrupts_lib.o)
 .debug_info    0x0000d3d2       0xde c:/program files (x86)/microchip/compilers/xc32/v1.22/bin/../lib/gcc/pic32mx/4.5.2/../../../../pic32mx/lib\libpic32.a(default-bootstrap-exception-handler.o)
 .debug_info    0x0000d4b0       0xb8 c:/program files (x86)/microchip/compilers/xc32/v1.22/bin/../lib/gcc/pic32mx/4.5.2/../../../../pic32mx/lib\libpic32.a(default-on-reset.o)
 .debug_info    0x0000d568       0xc0 c:/program files (x86)/microchip/compilers/xc32/v1.22/bin/../lib/gcc/pic32mx/4.5.2/../../../../pic32mx/lib\libpic32.a(default-on-bootstrap.o)
 .debug_info    0x0000d628       0xda c:/program files (x86)/microchip/compilers/xc32/v1.22/bin/../lib/gcc/pic32mx/4.5.2/../../../../pic32mx/lib\libpic32.a(default-general-exception-handler.o)
 .debug_info    0x0000d702       0xd2 c:/program files (x86)/microchip/compilers/xc32/v1.22/bin/../lib/gcc/pic32mx/4.5.2/../../../../pic32mx/lib\libpic32.a(defaultinterrupt.o)

.debug_abbrev   0x00000000     0x10d8
 *(.debug_abbrev)
 .debug_abbrev  0x00000000      0x282 build/USB_Standalone/production/usb/usb.o
 .debug_abbrev  0x00000282      0x378 build/USB_Standalone/production/usb/usb_device.o
 .debug_abbrev  0x000005fa      0x2bd build/USB_Standalone/production/usb/usb_function_cdc.o
 .debug_abbrev  0x000008b7      0x1e5 build/USB_Standalone/production/usb/usb_descriptors.o
 .debug_abbrev  0x00000a9c      0x3bd build/USB_Standalone/production/main.o
 .debug_abbrev  0x00000e59       0x25 c:/program files (x86)/microchip/compilers/xc32/v1.22/bin/../lib/gcc/pic32mx/4.5.2/../../../../pic32mx/lib\libmchp_peripheral_32MX250F128B.a(int_disable_interrupts_lib.o)
 .debug_abbrev  0x00000e7e       0x25 c:/program files (x86)/microchip/compilers/xc32/v1.22/bin/../lib/gcc/pic32mx/4.5.2/../../../../pic32mx/lib\libmchp_peripheral_32MX250F128B.a(int_restore_interrupts_lib.o)
 .debug_abbrev  0x00000ea3       0x25 c:/program files (x86)/microchip/compilers/xc32/v1.22/bin/../lib/gcc/pic32mx/4.5.2/../../../../pic32mx/lib\libmchp_peripheral_32MX250F128B.a(int_enable_mv_int_lib.o)
 .debug_abbrev  0x00000ec8       0x25 c:/program files (x86)/microchip/compilers/xc32/v1.22/bin/../lib/gcc/pic32mx/4.5.2/../../../../pic32mx/lib\libmchp_peripheral_32MX250F128B.a(int_tbl_lib.o)
 .debug_abbrev  0x00000eed       0x25 c:/program files (x86)/microchip/compilers/xc32/v1.22/bin/../lib/gcc/pic32mx/4.5.2/../../../../pic32mx/lib\libmchp_peripheral_32MX250F128B.a(port_set_pins_digital_in_lib.o)
 .debug_abbrev  0x00000f12       0x25 c:/program files (x86)/microchip/compilers/xc32/v1.22/bin/../lib/gcc/pic32mx/4.5.2/../../../../pic32mx/lib\libmchp_peripheral_32MX250F128B.a(port_set_pins_digital_out_lib.o)
 .debug_abbrev  0x00000f37       0x25 c:/program files (x86)/microchip/compilers/xc32/v1.22/bin/../lib/gcc/pic32mx/4.5.2/../../../../pic32mx/lib\libmchp_peripheral_32MX250F128B.a(port_read_bits_lib.o)
 .debug_abbrev  0x00000f5c       0x25 c:/program files (x86)/microchip/compilers/xc32/v1.22/bin/../lib/gcc/pic32mx/4.5.2/../../../../pic32mx/lib\libmchp_peripheral_32MX250F128B.a(port_clear_bits_lib.o)
 .debug_abbrev  0x00000f81       0x25 c:/program files (x86)/microchip/compilers/xc32/v1.22/bin/../lib/gcc/pic32mx/4.5.2/../../../../pic32mx/lib\libmchp_peripheral_32MX250F128B.a(port_set_bits_lib.o)
 .debug_abbrev  0x00000fa6       0x25 c:/program files (x86)/microchip/compilers/xc32/v1.22/bin/../lib/gcc/pic32mx/4.5.2/../../../../pic32mx/lib\libmchp_peripheral_32MX250F128B.a(port_toggle_bits_lib.o)
 .debug_abbrev  0x00000fcb        0x1 c:/program files (x86)/microchip/compilers/xc32/v1.22/bin/../lib/gcc/pic32mx/4.5.2/../../../../pic32mx/lib\libmchp_peripheral_32MX250F128B.a(_ports_tbl_libp.o)
 .debug_abbrev  0x00000fcc       0x38 c:/program files (x86)/microchip/compilers/xc32/v1.22/bin/../lib/gcc/pic32mx/4.5.2/../../../../pic32mx/lib\libmchp_peripheral_32MX250F128B.a(uart_lib.o)
 .debug_abbrev  0x00001004       0x25 c:/program files (x86)/microchip/compilers/xc32/v1.22/bin/../lib/gcc/pic32mx/4.5.2/../../../../pic32mx/lib\libmchp_peripheral_32MX250F128B.a(int_enable_interrupts_lib.o)
 .debug_abbrev  0x00001029       0x23 c:/program files (x86)/microchip/compilers/xc32/v1.22/bin/../lib/gcc/pic32mx/4.5.2/../../../../pic32mx/lib\libpic32.a(default-bootstrap-exception-handler.o)
 .debug_abbrev  0x0000104c       0x23 c:/program files (x86)/microchip/compilers/xc32/v1.22/bin/../lib/gcc/pic32mx/4.5.2/../../../../pic32mx/lib\libpic32.a(default-on-reset.o)
 .debug_abbrev  0x0000106f       0x23 c:/program files (x86)/microchip/compilers/xc32/v1.22/bin/../lib/gcc/pic32mx/4.5.2/../../../../pic32mx/lib\libpic32.a(default-on-bootstrap.o)
 .debug_abbrev  0x00001092       0x23 c:/program files (x86)/microchip/compilers/xc32/v1.22/bin/../lib/gcc/pic32mx/4.5.2/../../../../pic32mx/lib\libpic32.a(default-general-exception-handler.o)
 .debug_abbrev  0x000010b5       0x23 c:/program files (x86)/microchip/compilers/xc32/v1.22/bin/../lib/gcc/pic32mx/4.5.2/../../../../pic32mx/lib\libpic32.a(defaultinterrupt.o)

.debug_line     0x00000000     0x1ce0
 *(.debug_line)
 .debug_line    0x00000000      0x231 build/USB_Standalone/production/usb/usb.o
 .debug_line    0x00000231      0x728 build/USB_Standalone/production/usb/usb_device.o
 .debug_line    0x00000959      0x308 build/USB_Standalone/production/usb/usb_function_cdc.o
 .debug_line    0x00000c61      0x19a build/USB_Standalone/production/usb/usb_descriptors.o
 .debug_line    0x00000dfb      0x6e6 build/USB_Standalone/production/main.o
 .debug_line    0x000014e1       0x73 c:/program files (x86)/microchip/compilers/xc32/v1.22/bin/../lib/gcc/pic32mx/4.5.2/../../../../pic32mx/lib\libmchp_peripheral_32MX250F128B.a(int_disable_interrupts_lib.o)
 .debug_line    0x00001554       0x73 c:/program files (x86)/microchip/compilers/xc32/v1.22/bin/../lib/gcc/pic32mx/4.5.2/../../../../pic32mx/lib\libmchp_peripheral_32MX250F128B.a(int_restore_interrupts_lib.o)
 .debug_line    0x000015c7       0x6e c:/program files (x86)/microchip/compilers/xc32/v1.22/bin/../lib/gcc/pic32mx/4.5.2/../../../../pic32mx/lib\libmchp_peripheral_32MX250F128B.a(int_enable_mv_int_lib.o)
 .debug_line    0x00001635       0x64 c:/program files (x86)/microchip/compilers/xc32/v1.22/bin/../lib/gcc/pic32mx/4.5.2/../../../../pic32mx/lib\libmchp_peripheral_32MX250F128B.a(int_tbl_lib.o)
 .debug_line    0x00001699       0x77 c:/program files (x86)/microchip/compilers/xc32/v1.22/bin/../lib/gcc/pic32mx/4.5.2/../../../../pic32mx/lib\libmchp_peripheral_32MX250F128B.a(port_set_pins_digital_in_lib.o)
 .debug_line    0x00001710       0x78 c:/program files (x86)/microchip/compilers/xc32/v1.22/bin/../lib/gcc/pic32mx/4.5.2/../../../../pic32mx/lib\libmchp_peripheral_32MX250F128B.a(port_set_pins_digital_out_lib.o)
 .debug_line    0x00001788       0x6d c:/program files (x86)/microchip/compilers/xc32/v1.22/bin/../lib/gcc/pic32mx/4.5.2/../../../../pic32mx/lib\libmchp_peripheral_32MX250F128B.a(port_read_bits_lib.o)
 .debug_line    0x000017f5       0x6e c:/program files (x86)/microchip/compilers/xc32/v1.22/bin/../lib/gcc/pic32mx/4.5.2/../../../../pic32mx/lib\libmchp_peripheral_32MX250F128B.a(port_clear_bits_lib.o)
 .debug_line    0x00001863       0x6c c:/program files (x86)/microchip/compilers/xc32/v1.22/bin/../lib/gcc/pic32mx/4.5.2/../../../../pic32mx/lib\libmchp_peripheral_32MX250F128B.a(port_set_bits_lib.o)
 .debug_line    0x000018cf       0x6f c:/program files (x86)/microchip/compilers/xc32/v1.22/bin/../lib/gcc/pic32mx/4.5.2/../../../../pic32mx/lib\libmchp_peripheral_32MX250F128B.a(port_toggle_bits_lib.o)
 .debug_line    0x0000193e        0x0 c:/program files (x86)/microchip/compilers/xc32/v1.22/bin/../lib/gcc/pic32mx/4.5.2/../../../../pic32mx/lib\libmchp_peripheral_32MX250F128B.a(_ports_tbl_libp.o)
 .debug_line    0x0000193e       0x62 c:/program files (x86)/microchip/compilers/xc32/v1.22/bin/../lib/gcc/pic32mx/4.5.2/../../../../pic32mx/lib\libmchp_peripheral_32MX250F128B.a(uart_lib.o)
 .debug_line    0x000019a0       0x72 c:/program files (x86)/microchip/compilers/xc32/v1.22/bin/../lib/gcc/pic32mx/4.5.2/../../../../pic32mx/lib\libmchp_peripheral_32MX250F128B.a(int_enable_interrupts_lib.o)
 .debug_line    0x00001a12       0x97 c:/program files (x86)/microchip/compilers/xc32/v1.22/bin/../lib/gcc/pic32mx/4.5.2/../../../../pic32mx/lib\libpic32.a(default-bootstrap-exception-handler.o)
 .debug_line    0x00001aa9       0x84 c:/program files (x86)/microchip/compilers/xc32/v1.22/bin/../lib/gcc/pic32mx/4.5.2/../../../../pic32mx/lib\libpic32.a(default-on-reset.o)
 .debug_line    0x00001b2d       0x88 c:/program files (x86)/microchip/compilers/xc32/v1.22/bin/../lib/gcc/pic32mx/4.5.2/../../../../pic32mx/lib\libpic32.a(default-on-bootstrap.o)
 .debug_line    0x00001bb5       0x95 c:/program files (x86)/microchip/compilers/xc32/v1.22/bin/../lib/gcc/pic32mx/4.5.2/../../../../pic32mx/lib\libpic32.a(default-general-exception-handler.o)
 .debug_line    0x00001c4a       0x96 c:/program files (x86)/microchip/compilers/xc32/v1.22/bin/../lib/gcc/pic32mx/4.5.2/../../../../pic32mx/lib\libpic32.a(defaultinterrupt.o)

.debug_frame    0x00000000      0x874
 *(.debug_frame)
 .debug_frame   0x00000000       0x80 build/USB_Standalone/production/usb/usb.o
 .debug_frame   0x00000080       0xdc build/USB_Standalone/production/usb/usb_device.o
 .debug_frame   0x0000015c       0xb0 build/USB_Standalone/production/usb/usb_function_cdc.o
 .debug_frame   0x0000020c      0x350 build/USB_Standalone/production/main.o
 .debug_frame   0x0000055c       0x20 c:/program files (x86)/microchip/compilers/xc32/v1.22/bin/../lib/gcc/pic32mx/4.5.2/../../../../pic32mx/lib\libmchp_peripheral_32MX250F128B.a(int_disable_interrupts_lib.o)
 .debug_frame   0x0000057c       0x20 c:/program files (x86)/microchip/compilers/xc32/v1.22/bin/../lib/gcc/pic32mx/4.5.2/../../../../pic32mx/lib\libmchp_peripheral_32MX250F128B.a(int_restore_interrupts_lib.o)
 .debug_frame   0x0000059c       0x28 c:/program files (x86)/microchip/compilers/xc32/v1.22/bin/../lib/gcc/pic32mx/4.5.2/../../../../pic32mx/lib\libmchp_peripheral_32MX250F128B.a(int_enable_mv_int_lib.o)
 .debug_frame   0x000005c4       0xa0 c:/program files (x86)/microchip/compilers/xc32/v1.22/bin/../lib/gcc/pic32mx/4.5.2/../../../../pic32mx/lib\libmchp_peripheral_32MX250F128B.a(int_tbl_lib.o)
 .debug_frame   0x00000664       0x20 c:/program files (x86)/microchip/compilers/xc32/v1.22/bin/../lib/gcc/pic32mx/4.5.2/../../../../pic32mx/lib\libmchp_peripheral_32MX250F128B.a(port_set_pins_digital_in_lib.o)
 .debug_frame   0x00000684       0x20 c:/program files (x86)/microchip/compilers/xc32/v1.22/bin/../lib/gcc/pic32mx/4.5.2/../../../../pic32mx/lib\libmchp_peripheral_32MX250F128B.a(port_set_pins_digital_out_lib.o)
 .debug_frame   0x000006a4       0x20 c:/program files (x86)/microchip/compilers/xc32/v1.22/bin/../lib/gcc/pic32mx/4.5.2/../../../../pic32mx/lib\libmchp_peripheral_32MX250F128B.a(port_read_bits_lib.o)
 .debug_frame   0x000006c4       0x20 c:/program files (x86)/microchip/compilers/xc32/v1.22/bin/../lib/gcc/pic32mx/4.5.2/../../../../pic32mx/lib\libmchp_peripheral_32MX250F128B.a(port_clear_bits_lib.o)
 .debug_frame   0x000006e4       0x20 c:/program files (x86)/microchip/compilers/xc32/v1.22/bin/../lib/gcc/pic32mx/4.5.2/../../../../pic32mx/lib\libmchp_peripheral_32MX250F128B.a(port_set_bits_lib.o)
 .debug_frame   0x00000704       0x20 c:/program files (x86)/microchip/compilers/xc32/v1.22/bin/../lib/gcc/pic32mx/4.5.2/../../../../pic32mx/lib\libmchp_peripheral_32MX250F128B.a(port_toggle_bits_lib.o)
 .debug_frame   0x00000724       0x90 c:/program files (x86)/microchip/compilers/xc32/v1.22/bin/../lib/gcc/pic32mx/4.5.2/../../../../pic32mx/lib\libmchp_peripheral_32MX250F128B.a(uart_lib.o)
 .debug_frame   0x000007b4       0x20 c:/program files (x86)/microchip/compilers/xc32/v1.22/bin/../lib/gcc/pic32mx/4.5.2/../../../../pic32mx/lib\libmchp_peripheral_32MX250F128B.a(int_enable_interrupts_lib.o)
 .debug_frame   0x000007d4       0x20 c:/program files (x86)/microchip/compilers/xc32/v1.22/bin/../lib/gcc/pic32mx/4.5.2/../../../../pic32mx/lib\libpic32.a(default-bootstrap-exception-handler.o)
 .debug_frame   0x000007f4       0x20 c:/program files (x86)/microchip/compilers/xc32/v1.22/bin/../lib/gcc/pic32mx/4.5.2/../../../../pic32mx/lib\libpic32.a(default-on-reset.o)
 .debug_frame   0x00000814       0x20 c:/program files (x86)/microchip/compilers/xc32/v1.22/bin/../lib/gcc/pic32mx/4.5.2/../../../../pic32mx/lib\libpic32.a(default-on-bootstrap.o)
 .debug_frame   0x00000834       0x20 c:/program files (x86)/microchip/compilers/xc32/v1.22/bin/../lib/gcc/pic32mx/4.5.2/../../../../pic32mx/lib\libpic32.a(default-general-exception-handler.o)
 .debug_frame   0x00000854       0x20 c:/program files (x86)/microchip/compilers/xc32/v1.22/bin/../lib/gcc/pic32mx/4.5.2/../../../../pic32mx/lib\libpic32.a(defaultinterrupt.o)

.debug_str      0x00000000      0xaa4
 *(.debug_str)
 .debug_str     0x00000000      0x12d build/USB_Standalone/production/usb/usb.o
 .debug_str     0x0000012d      0x364 build/USB_Standalone/production/usb/usb_device.o
 .debug_str     0x00000491      0x1c2 build/USB_Standalone/production/usb/usb_function_cdc.o
 .debug_str     0x00000653      0x10c build/USB_Standalone/production/usb/usb_descriptors.o
 .debug_str     0x0000075f      0x345 build/USB_Standalone/production/main.o
 .debug_str     0x00000aa4        0x0 c:/program files (x86)/microchip/compilers/xc32/v1.22/bin/../lib/gcc/pic32mx/4.5.2/../../../../pic32mx/lib\libmchp_peripheral_32MX250F128B.a(int_disable_interrupts_lib.o)
 .debug_str     0x00000aa4        0x0 c:/program files (x86)/microchip/compilers/xc32/v1.22/bin/../lib/gcc/pic32mx/4.5.2/../../../../pic32mx/lib\libmchp_peripheral_32MX250F128B.a(int_restore_interrupts_lib.o)
 .debug_str     0x00000aa4        0x0 c:/program files (x86)/microchip/compilers/xc32/v1.22/bin/../lib/gcc/pic32mx/4.5.2/../../../../pic32mx/lib\libmchp_peripheral_32MX250F128B.a(int_enable_mv_int_lib.o)
 .debug_str     0x00000aa4        0x0 c:/program files (x86)/microchip/compilers/xc32/v1.22/bin/../lib/gcc/pic32mx/4.5.2/../../../../pic32mx/lib\libmchp_peripheral_32MX250F128B.a(int_tbl_lib.o)
 .debug_str     0x00000aa4        0x0 c:/program files (x86)/microchip/compilers/xc32/v1.22/bin/../lib/gcc/pic32mx/4.5.2/../../../../pic32mx/lib\libmchp_peripheral_32MX250F128B.a(port_set_pins_digital_in_lib.o)
 .debug_str     0x00000aa4        0x0 c:/program files (x86)/microchip/compilers/xc32/v1.22/bin/../lib/gcc/pic32mx/4.5.2/../../../../pic32mx/lib\libmchp_peripheral_32MX250F128B.a(port_set_pins_digital_out_lib.o)
 .debug_str     0x00000aa4        0x0 c:/program files (x86)/microchip/compilers/xc32/v1.22/bin/../lib/gcc/pic32mx/4.5.2/../../../../pic32mx/lib\libmchp_peripheral_32MX250F128B.a(port_read_bits_lib.o)
 .debug_str     0x00000aa4        0x0 c:/program files (x86)/microchip/compilers/xc32/v1.22/bin/../lib/gcc/pic32mx/4.5.2/../../../../pic32mx/lib\libmchp_peripheral_32MX250F128B.a(port_clear_bits_lib.o)
 .debug_str     0x00000aa4        0x0 c:/program files (x86)/microchip/compilers/xc32/v1.22/bin/../lib/gcc/pic32mx/4.5.2/../../../../pic32mx/lib\libmchp_peripheral_32MX250F128B.a(port_set_bits_lib.o)
 .debug_str     0x00000aa4        0x0 c:/program files (x86)/microchip/compilers/xc32/v1.22/bin/../lib/gcc/pic32mx/4.5.2/../../../../pic32mx/lib\libmchp_peripheral_32MX250F128B.a(port_toggle_bits_lib.o)
 .debug_str     0x00000aa4        0x0 c:/program files (x86)/microchip/compilers/xc32/v1.22/bin/../lib/gcc/pic32mx/4.5.2/../../../../pic32mx/lib\libmchp_peripheral_32MX250F128B.a(_ports_tbl_libp.o)
 .debug_str     0x00000aa4        0x0 c:/program files (x86)/microchip/compilers/xc32/v1.22/bin/../lib/gcc/pic32mx/4.5.2/../../../../pic32mx/lib\libmchp_peripheral_32MX250F128B.a(uart_lib.o)
 .debug_str     0x00000aa4        0x0 c:/program files (x86)/microchip/compilers/xc32/v1.22/bin/../lib/gcc/pic32mx/4.5.2/../../../../pic32mx/lib\libmchp_peripheral_32MX250F128B.a(int_enable_interrupts_lib.o)
 .debug_str     0x00000aa4        0x0 c:/program files (x86)/microchip/compilers/xc32/v1.22/bin/../lib/gcc/pic32mx/4.5.2/../../../../pic32mx/lib\libpic32.a(default-bootstrap-exception-handler.o)
 .debug_str     0x00000aa4        0x0 c:/program files (x86)/microchip/compilers/xc32/v1.22/bin/../lib/gcc/pic32mx/4.5.2/../../../../pic32mx/lib\libpic32.a(default-on-reset.o)
 .debug_str     0x00000aa4        0x0 c:/program files (x86)/microchip/compilers/xc32/v1.22/bin/../lib/gcc/pic32mx/4.5.2/../../../../pic32mx/lib\libpic32.a(default-on-bootstrap.o)
 .debug_str     0x00000aa4        0x0 c:/program files (x86)/microchip/compilers/xc32/v1.22/bin/../lib/gcc/pic32mx/4.5.2/../../../../pic32mx/lib\libpic32.a(default-general-exception-handler.o)
 .debug_str     0x00000aa4        0x0 c:/program files (x86)/microchip/compilers/xc32/v1.22/bin/../lib/gcc/pic32mx/4.5.2/../../../../pic32mx/lib\libpic32.a(defaultinterrupt.o)

.debug_loc      0x00000000      0x5ce
 *(.debug_loc)
 .debug_loc     0x00000000       0x5a build/USB_Standalone/production/usb/usb.o
 .debug_loc     0x0000005a      0x1f6 build/USB_Standalone/production/usb/usb_device.o
 .debug_loc     0x00000250      0x12c build/USB_Standalone/production/usb/usb_function_cdc.o
 .debug_loc     0x0000037c      0x252 build/USB_Standalone/production/main.o

.debug_macinfo
 *(.debug_macinfo)

.debug_weaknames
 *(.debug_weaknames)

.debug_funcnames
 *(.debug_funcnames)

.debug_typenames
 *(.debug_typenames)

.debug_varnames
 *(.debug_varnames)

.debug_pubtypes
                0x00000000      0x8b9
 *(.debug_pubtypes)
 .debug_pubtypes
                0x00000000      0x16c build/USB_Standalone/production/usb/usb.o
 .debug_pubtypes
                0x0000016c      0x285 build/USB_Standalone/production/usb/usb_device.o
 .debug_pubtypes
                0x000003f1      0x21f build/USB_Standalone/production/usb/usb_function_cdc.o
 .debug_pubtypes
                0x00000610      0x104 build/USB_Standalone/production/usb/usb_descriptors.o
 .debug_pubtypes
                0x00000714      0x1a5 build/USB_Standalone/production/main.o

.debug_ranges   0x00000000      0x138
 *(.debug_ranges)
 .debug_ranges  0x00000000       0x10 c:/program files (x86)/microchip/compilers/xc32/v1.22/bin/../lib/gcc/pic32mx/4.5.2/../../../../pic32mx/lib\libmchp_peripheral_32MX250F128B.a(int_disable_interrupts_lib.o)
 .debug_ranges  0x00000010       0x10 c:/program files (x86)/microchip/compilers/xc32/v1.22/bin/../lib/gcc/pic32mx/4.5.2/../../../../pic32mx/lib\libmchp_peripheral_32MX250F128B.a(int_restore_interrupts_lib.o)
 .debug_ranges  0x00000020       0x10 c:/program files (x86)/microchip/compilers/xc32/v1.22/bin/../lib/gcc/pic32mx/4.5.2/../../../../pic32mx/lib\libmchp_peripheral_32MX250F128B.a(int_enable_mv_int_lib.o)
 .debug_ranges  0x00000030       0x50 c:/program files (x86)/microchip/compilers/xc32/v1.22/bin/../lib/gcc/pic32mx/4.5.2/../../../../pic32mx/lib\libmchp_peripheral_32MX250F128B.a(int_tbl_lib.o)
 .debug_ranges  0x00000080       0x10 c:/program files (x86)/microchip/compilers/xc32/v1.22/bin/../lib/gcc/pic32mx/4.5.2/../../../../pic32mx/lib\libmchp_peripheral_32MX250F128B.a(port_set_pins_digital_in_lib.o)
 .debug_ranges  0x00000090       0x10 c:/program files (x86)/microchip/compilers/xc32/v1.22/bin/../lib/gcc/pic32mx/4.5.2/../../../../pic32mx/lib\libmchp_peripheral_32MX250F128B.a(port_set_pins_digital_out_lib.o)
 .debug_ranges  0x000000a0       0x10 c:/program files (x86)/microchip/compilers/xc32/v1.22/bin/../lib/gcc/pic32mx/4.5.2/../../../../pic32mx/lib\libmchp_peripheral_32MX250F128B.a(port_read_bits_lib.o)
 .debug_ranges  0x000000b0       0x10 c:/program files (x86)/microchip/compilers/xc32/v1.22/bin/../lib/gcc/pic32mx/4.5.2/../../../../pic32mx/lib\libmchp_peripheral_32MX250F128B.a(port_clear_bits_lib.o)
 .debug_ranges  0x000000c0       0x10 c:/program files (x86)/microchip/compilers/xc32/v1.22/bin/../lib/gcc/pic32mx/4.5.2/../../../../pic32mx/lib\libmchp_peripheral_32MX250F128B.a(port_set_bits_lib.o)
 .debug_ranges  0x000000d0       0x10 c:/program files (x86)/microchip/compilers/xc32/v1.22/bin/../lib/gcc/pic32mx/4.5.2/../../../../pic32mx/lib\libmchp_peripheral_32MX250F128B.a(port_toggle_bits_lib.o)
 .debug_ranges  0x000000e0       0x48 c:/program files (x86)/microchip/compilers/xc32/v1.22/bin/../lib/gcc/pic32mx/4.5.2/../../../../pic32mx/lib\libmchp_peripheral_32MX250F128B.a(uart_lib.o)
 .debug_ranges  0x00000128       0x10 c:/program files (x86)/microchip/compilers/xc32/v1.22/bin/../lib/gcc/pic32mx/4.5.2/../../../../pic32mx/lib\libmchp_peripheral_32MX250F128B.a(int_enable_interrupts_lib.o)

.gnu.attributes
                0x00000000       0x10
 *(.gnu.attributes)
 .gnu.attributes
                0x00000000       0x10 c:/program files (x86)/microchip/compilers/xc32/v1.22/bin/../lib/gcc/pic32mx/4.5.2/../../../../pic32mx/lib\libmchp_peripheral_32MX250F128B.a(int_disable_interrupts_lib.o)
 .gnu.attributes
                0x00000010       0x10 c:/program files (x86)/microchip/compilers/xc32/v1.22/bin/../lib/gcc/pic32mx/4.5.2/../../../../pic32mx/lib\libmchp_peripheral_32MX250F128B.a(int_restore_interrupts_lib.o)
 .gnu.attributes
                0x00000020       0x10 c:/program files (x86)/microchip/compilers/xc32/v1.22/bin/../lib/gcc/pic32mx/4.5.2/../../../../pic32mx/lib\libmchp_peripheral_32MX250F128B.a(int_enable_mv_int_lib.o)
 .gnu.attributes
                0x00000030       0x10 c:/program files (x86)/microchip/compilers/xc32/v1.22/bin/../lib/gcc/pic32mx/4.5.2/../../../../pic32mx/lib\libmchp_peripheral_32MX250F128B.a(int_tbl_lib.o)
 .gnu.attributes
                0x00000040       0x10 c:/program files (x86)/microchip/compilers/xc32/v1.22/bin/../lib/gcc/pic32mx/4.5.2/../../../../pic32mx/lib\libmchp_peripheral_32MX250F128B.a(port_set_pins_digital_in_lib.o)
 .gnu.attributes
                0x00000050       0x10 c:/program files (x86)/microchip/compilers/xc32/v1.22/bin/../lib/gcc/pic32mx/4.5.2/../../../../pic32mx/lib\libmchp_peripheral_32MX250F128B.a(port_set_pins_digital_out_lib.o)
 .gnu.attributes
                0x00000060       0x10 c:/program files (x86)/microchip/compilers/xc32/v1.22/bin/../lib/gcc/pic32mx/4.5.2/../../../../pic32mx/lib\libmchp_peripheral_32MX250F128B.a(port_read_bits_lib.o)
 .gnu.attributes
                0x00000070       0x10 c:/program files (x86)/microchip/compilers/xc32/v1.22/bin/../lib/gcc/pic32mx/4.5.2/../../../../pic32mx/lib\libmchp_peripheral_32MX250F128B.a(port_clear_bits_lib.o)
 .gnu.attributes
                0x00000080       0x10 c:/program files (x86)/microchip/compilers/xc32/v1.22/bin/../lib/gcc/pic32mx/4.5.2/../../../../pic32mx/lib\libmchp_peripheral_32MX250F128B.a(port_set_bits_lib.o)
 .gnu.attributes
                0x00000090       0x10 c:/program files (x86)/microchip/compilers/xc32/v1.22/bin/../lib/gcc/pic32mx/4.5.2/../../../../pic32mx/lib\libmchp_peripheral_32MX250F128B.a(port_toggle_bits_lib.o)
 .gnu.attributes
                0x000000a0       0x10 c:/program files (x86)/microchip/compilers/xc32/v1.22/bin/../lib/gcc/pic32mx/4.5.2/../../../../pic32mx/lib\libmchp_peripheral_32MX250F128B.a(_ports_tbl_libp.o)
 .gnu.attributes
                0x000000b0       0x10 c:/program files (x86)/microchip/compilers/xc32/v1.22/bin/../lib/gcc/pic32mx/4.5.2/../../../../pic32mx/lib\libmchp_peripheral_32MX250F128B.a(uart_lib.o)
 .gnu.attributes
                0x000000c0       0x10 c:/program files (x86)/microchip/compilers/xc32/v1.22/bin/../lib/gcc/pic32mx/4.5.2/../../../../pic32mx/lib\libmchp_peripheral_32MX250F128B.a(int_enable_interrupts_lib.o)
 .gnu.attributes
                0x000000d0       0x10 c:/program files (x86)/microchip/compilers/xc32/v1.22/bin/../lib/gcc/pic32mx/4.5.2/../../../../pic32mx/lib\libpic32.a(default-bootstrap-exception-handler.o)
 .gnu.attributes
                0x000000e0       0x10 c:/program files (x86)/microchip/compilers/xc32/v1.22/bin/../lib/gcc/pic32mx/4.5.2/../../../../pic32mx/lib\libpic32.a(default-on-reset.o)
 .gnu.attributes
                0x000000f0       0x10 c:/program files (x86)/microchip/compilers/xc32/v1.22/bin/../lib/gcc/pic32mx/4.5.2/../../../../pic32mx/lib\libpic32.a(default-on-bootstrap.o)
 .gnu.attributes
                0x00000100       0x10 c:/program files (x86)/microchip/compilers/xc32/v1.22/bin/../lib/gcc/pic32mx/4.5.2/../../../../pic32mx/lib\libpic32.a(default-general-exception-handler.o)
 .gnu.attributes
                0x00000110       0x10 c:/program files (x86)/microchip/compilers/xc32/v1.22/bin/../lib/gcc/pic32mx/4.5.2/../../../../pic32mx/lib\libpic32.a(defaultinterrupt.o)
LOAD c:/program files (x86)/microchip/compilers/xc32/v1.22/bin/../lib/gcc/pic32mx/4.5.2\libgcc.a
START GROUP
LOAD c:/program files (x86)/microchip/compilers/xc32/v1.22/bin/../lib/gcc/pic32mx/4.5.2/../../../../pic32mx/lib\libpic32.a
LOAD c:/program files (x86)/microchip/compilers/xc32/v1.22/bin/../lib/gcc/pic32mx/4.5.2/../../../../pic32mx/lib\libdebug.a
LOAD c:/program files (x86)/microchip/compilers/xc32/v1.22/bin/../lib/gcc/pic32mx/4.5.2/../../../../pic32mx/lib\libm.a
LOAD c:/program files (x86)/microchip/compilers/xc32/v1.22/bin/../lib/gcc/pic32mx/4.5.2/../../../../pic32mx/lib\libe.a
LOAD c:/program files (x86)/microchip/compilers/xc32/v1.22/bin/../lib/gcc/pic32mx/4.5.2/../../../../pic32mx/lib\libdsp.a
LOAD c:/program files (x86)/microchip/compilers/xc32/v1.22/bin/../lib/gcc/pic32mx/4.5.2\libgcc.a
LOAD c:/program files (x86)/microchip/compilers/xc32/v1.22/bin/../lib/gcc/pic32mx/4.5.2/../../../../pic32mx/lib\libpic32.a
LOAD c:/program files (x86)/microchip/compilers/xc32/v1.22/bin/../lib/gcc/pic32mx/4.5.2/../../../../pic32mx/lib\libc.a
LOAD c:/program files (x86)/microchip/compilers/xc32/v1.22/bin/../lib/gcc/pic32mx/4.5.2/../../../../pic32mx/lib\libpic32.a
END GROUP
LOAD c:/program files (x86)/microchip/compilers/xc32/v1.22/bin/../lib/gcc/pic32mx/4.5.2\libgcc.a
OUTPUT(dist/USB_Standalone/production/nes-snes-replay.X.production.elf elf32-tradlittlemips)
LOAD stack
LOAD data_init

.reginfo        0x00000000       0x18
 .reginfo       0x00000000       0x18 c:/program files (x86)/microchip/compilers/xc32/v1.22/bin/../lib/gcc/pic32mx/4.5.2/../../../../pic32mx/lib/crt0.o

.stack          0xa0000958      0x400
 .stack         0xa0000958      0x400 stack

.text.USBDeviceTasks
                0x9d000000     0x11c8
 .text.USBDeviceTasks
                0x9d000000     0x11c8 build/USB_Standalone/production/usb/usb_device.o
                0x9d000000                USBDeviceTasks

.rodata         0x9d0011c8      0x558
 .rodata        0x9d0011c8      0x558 c:/program files (x86)/microchip/compilers/xc32/v1.22/bin/../lib/gcc/pic32mx/4.5.2/../../../../pic32mx/lib\libmchp_peripheral_32MX250F128B.a(int_tbl_lib.o)
                0x9d0011c8                __IntSrcTbl
                0x9d001510                __IntVectorTbl

.text.main      0x9d001720      0x524
 .text.main     0x9d001720      0x524 build/USB_Standalone/production/main.o
                0x9d001720                main

.text.parse_uart
                0x9d001c44      0x384
 .text.parse_uart
                0x9d001c44      0x384 build/USB_Standalone/production/main.o
                0x9d001c44                parse_uart

.text.nesLatchHandler
                0x9d001fc8      0x340
 .text.nesLatchHandler
                0x9d001fc8      0x340 build/USB_Standalone/production/main.o
                0x9d001fc8                nesLatchHandler

.text.timer1Handler
                0x9d002308      0x330
 .text.timer1Handler
                0x9d002308      0x330 build/USB_Standalone/production/main.o
                0x9d002308                timer1Handler

.text.USBDeviceInit
                0x9d002638      0x1e8
 .text.USBDeviceInit
                0x9d002638      0x1e8 build/USB_Standalone/production/usb/usb_device.o
                0x9d002638                USBDeviceInit

.text.nesClock  0x9d002820      0x1dc
 .text.nesClock
                0x9d002820      0x1dc build/USB_Standalone/production/main.o
                0x9d002820                nesClock

.text.timer2Handler
                0x9d0029fc      0x17c
 .text.timer2Handler
                0x9d0029fc      0x17c build/USB_Standalone/production/main.o
                0x9d0029fc                timer2Handler

.text.CDCTxService
                0x9d002b78      0x160
 .text.CDCTxService
                0x9d002b78      0x160 build/USB_Standalone/production/usb/usb_function_cdc.o
                0x9d002b78                CDCTxService

.text.USBCheckCDCRequest
                0x9d002cd8      0x158
 .text.USBCheckCDCRequest
                0x9d002cd8      0x158 build/USB_Standalone/production/usb/usb_function_cdc.o
                0x9d002cd8                USBCheckCDCRequest

.text.uart1Handler
                0x9d002e30      0x158
 .text.uart1Handler
                0x9d002e30      0x158 build/USB_Standalone/production/main.o
                0x9d002e30                uart1Handler

.text.snesIOChange
                0x9d002f88      0x154
 .text.snesIOChange
                0x9d002f88      0x154 build/USB_Standalone/production/main.o
                0x9d002f88                snesIOChange

.text.timer5Handler
                0x9d0030dc      0x14c
 .text.timer5Handler
                0x9d0030dc      0x14c build/USB_Standalone/production/main.o
                0x9d0030dc                timer5Handler

.text.timer4Handler
                0x9d003228      0x148
 .text.timer4Handler
                0x9d003228      0x148 build/USB_Standalone/production/main.o